Archive member included to satisfy reference by file (symbol)

app/libapp.a(main.c.obj)      (--whole-archive)
zephyr/libzephyr.a(heap.c.obj)
                              (--whole-archive)
zephyr/libzephyr.a(cbprintf_packaged.c.obj)
                              (--whole-archive)
zephyr/libzephyr.a(printk.c.obj)
                              (--whole-archive)
zephyr/libzephyr.a(sem.c.obj)
                              (--whole-archive)
zephyr/libzephyr.a(thread_entry.c.obj)
                              (--whole-archive)
zephyr/libzephyr.a(cbprintf_complete.c.obj)
                              (--whole-archive)
zephyr/libzephyr.a(assert.c.obj)
                              (--whole-archive)
zephyr/libzephyr.a(reboot.c.obj)
                              (--whole-archive)
zephyr/libzephyr.a(dec.c.obj)
                              (--whole-archive)
zephyr/libzephyr.a(hex.c.obj)
                              (--whole-archive)
zephyr/libzephyr.a(rb.c.obj)  (--whole-archive)
zephyr/libzephyr.a(timeutil.c.obj)
                              (--whole-archive)
zephyr/libzephyr.a(bitarray.c.obj)
                              (--whole-archive)
zephyr/libzephyr.a(configs.c.obj)
                              (--whole-archive)
zephyr/libzephyr.a(stm32cube_hal.c.obj)
                              (--whole-archive)
zephyr/libzephyr.a(soc_config.c.obj)
                              (--whole-archive)
zephyr/libzephyr.a(soc.c.obj)
                              (--whole-archive)
zephyr/libzephyr.a(mem_attr.c.obj)
                              (--whole-archive)
zephyr/libzephyr.a(tracing_none.c.obj)
                              (--whole-archive)
zephyr/arch/common/libarch__common.a(sw_isr_common.c.obj)
                              (--whole-archive)
zephyr/arch/arch/arm/core/libarch__arm__core.a(fatal.c.obj)
                              (--whole-archive)
zephyr/arch/arch/arm/core/libarch__arm__core.a(nmi.c.obj)
                              (--whole-archive)
zephyr/arch/arch/arm/core/libarch__arm__core.a(nmi_on_reset.S.obj)
                              (--whole-archive)
zephyr/arch/arch/arm/core/libarch__arm__core.a(tls.c.obj)
                              (--whole-archive)
zephyr/arch/arch/arm/core/cortex_m/libarch__arm__core__cortex_m.a(exc_exit.S.obj)
                              (--whole-archive)
zephyr/arch/arch/arm/core/cortex_m/libarch__arm__core__cortex_m.a(fault.c.obj)
                              (--whole-archive)
zephyr/arch/arch/arm/core/cortex_m/libarch__arm__core__cortex_m.a(fault_s.S.obj)
                              (--whole-archive)
zephyr/arch/arch/arm/core/cortex_m/libarch__arm__core__cortex_m.a(fpu.c.obj)
                              (--whole-archive)
zephyr/arch/arch/arm/core/cortex_m/libarch__arm__core__cortex_m.a(reset.S.obj)
                              (--whole-archive)
zephyr/arch/arch/arm/core/cortex_m/libarch__arm__core__cortex_m.a(scb.c.obj)
                              (--whole-archive)
zephyr/arch/arch/arm/core/cortex_m/libarch__arm__core__cortex_m.a(thread_abort.c.obj)
                              (--whole-archive)
zephyr/arch/arch/arm/core/cortex_m/libarch__arm__core__cortex_m.a(vector_table.S.obj)
                              (--whole-archive)
zephyr/arch/arch/arm/core/cortex_m/libarch__arm__core__cortex_m.a(swap.c.obj)
                              (--whole-archive)
zephyr/arch/arch/arm/core/cortex_m/libarch__arm__core__cortex_m.a(swap_helper.S.obj)
                              (--whole-archive)
zephyr/arch/arch/arm/core/cortex_m/libarch__arm__core__cortex_m.a(irq_manage.c.obj)
                              (--whole-archive)
zephyr/arch/arch/arm/core/cortex_m/libarch__arm__core__cortex_m.a(prep_c.c.obj)
                              (--whole-archive)
zephyr/arch/arch/arm/core/cortex_m/libarch__arm__core__cortex_m.a(thread.c.obj)
                              (--whole-archive)
zephyr/arch/arch/arm/core/cortex_m/libarch__arm__core__cortex_m.a(cpu_idle.S.obj)
                              (--whole-archive)
zephyr/arch/arch/arm/core/cortex_m/libarch__arm__core__cortex_m.a(irq_init.c.obj)
                              (--whole-archive)
zephyr/arch/arch/arm/core/cortex_m/libarch__arm__core__cortex_m.a(isr_wrapper.S.obj)
                              (--whole-archive)
zephyr/arch/arch/arm/core/cortex_m/libarch__arm__core__cortex_m.a(__aeabi_read_tp.S.obj)
                              (--whole-archive)
zephyr/arch/arch/arm/core/mpu/libarch__arm__core__mpu.a(arm_core_mpu.c.obj)
                              (--whole-archive)
zephyr/arch/arch/arm/core/mpu/libarch__arm__core__mpu.a(arm_mpu.c.obj)
                              (--whole-archive)
zephyr/arch/arch/arm/core/mpu/libarch__arm__core__mpu.a(arm_mpu_regions.c.obj)
                              (--whole-archive)
zephyr/lib/libc/picolibc/liblib__libc__picolibc.a(libc-hooks.c.obj)
                              (--whole-archive)
zephyr/lib/libc/common/liblib__libc__common.a(abort.c.obj)
                              (--whole-archive)
[...]
Memory Configuration

Name             Origin             Length             Attributes
FLASH            0x0000000008000000 0x0000000000080000 xr
RAM              0x0000000020000000 0x0000000000010000 xw
CCM              0x0000000010000000 0x0000000000004000
IDT_LIST         0x00000000ffff7fff 0x0000000000008000 xw
*default*        0x0000000000000000 0xffffffffffffffff

Linker script and memory map

                0x0000000008002548                vfprintf = __l_vfprintf
                0x0000000000000000                vfscanf = __l_vfscanf
LOAD zephyr/CMakeFiles/zephyr_final.dir/misc/empty_file.c.obj
LOAD zephyr/CMakeFiles/zephyr_final.dir/isr_tables.c.obj
LOAD zephyr/CMakeFiles/offsets.dir/./arch/arm/core/offsets/offsets.c.obj
LOAD app/libapp.a
LOAD zephyr/libzephyr.a
LOAD zephyr/arch/common/libarch__common.a
LOAD zephyr/arch/arch/arm/core/libarch__arm__core.a
LOAD zephyr/arch/arch/arm/core/cortex_m/libarch__arm__core__cortex_m.a
LOAD zephyr/arch/arch/arm/core/mpu/libarch__arm__core__mpu.a
LOAD zephyr/lib/libc/picolibc/liblib__libc__picolibc.a
LOAD zephyr/lib/libc/common/liblib__libc__common.a
LOAD zephyr/drivers/interrupt_controller/libdrivers__interrupt_controller.a
LOAD zephyr/drivers/clock_control/libdrivers__clock_control.a
LOAD zephyr/drivers/console/libdrivers__console.a
LOAD zephyr/drivers/gpio/libdrivers__gpio.a
LOAD zephyr/drivers/pinctrl/libdrivers__pinctrl.a
LOAD zephyr/drivers/reset/libdrivers__reset.a
LOAD zephyr/drivers/serial/libdrivers__serial.a
LOAD zephyr/drivers/timer/libdrivers__timer.a
LOAD modules/stm32/stm32cube/lib..__modules__hal__stm32__stm32cube.a
LOAD zephyr/kernel/libkernel.a
LOAD /home/krzysztof/zephyr-sdk-0.16.5-1/arm-zephyr-eabi/bin/../lib/gcc/arm-zephyr-eabi/12.2.0/thumb/v7e-m/nofp/libgcc.a
LOAD zephyr/arch/common/libisr_tables.a
LOAD /home/krzysztof/zephyr-sdk-0.16.5-1/arm-zephyr-eabi/bin/../lib/gcc/../../picolibc/arm-zephyr-eabi/lib/thumb/v7e-m/nofp/libc.a
LOAD /home/krzysztof/zephyr-sdk-0.16.5-1/arm-zephyr-eabi/bin/../lib/gcc/arm-zephyr-eabi/12.2.0/thumb/v7e-m/nofp/libgcc.a
                0x0000000000000020                _region_min_align = 0x20

.rel.plt        0x0000000008000000        0x0
 *(SORT_BY_ALIGNMENT(.rel.plt))
                [!provide]                        PROVIDE (__rel_iplt_start = .)
 *(SORT_BY_ALIGNMENT(.rel.iplt))
 .rel.iplt      0x0000000008000000        0x0 zephyr/CMakeFiles/zephyr_final.dir/isr_tables.c.obj
                [!provide]                        PROVIDE (__rel_iplt_end = .)

.rela.plt       0x0000000000000000        0x0
 *(SORT_BY_ALIGNMENT(.rela.plt))
                [!provide]                        PROVIDE (__rela_iplt_start = .)
 *(SORT_BY_ALIGNMENT(.rela.iplt))
                [!provide]                        PROVIDE (__rela_iplt_end = .)

.rel.dyn
 *(SORT_BY_ALIGNMENT(.rel.*))

.rela.dyn
 *(SORT_BY_ALIGNMENT(.rela.*))

/DISCARD/
 *(SORT_BY_ALIGNMENT(.plt))

/DISCARD/
 *(SORT_BY_ALIGNMENT(.iplt))
                0x0000000008000000                __rom_region_start = 0x8000000

rom_start       0x0000000008000000      0x194
                0x0000000008000000                __rom_start_address = .
 FILL mask 0x00
                0x0000000008000000                . = (. + (0x0 - (. - __rom_start_address)))
                0x0000000008000000                . = ALIGN (0x4)
                0x0000000008000000                . = ALIGN (0x80)
                0x0000000008000000                . = ALIGN (0x200)
                0x0000000008000000                _vector_start = .
 *(SORT_BY_ALIGNMENT(.exc_vector_table))
 *(SORT_BY_ALIGNMENT(.exc_vector_table.*))
 .exc_vector_table._vector_table_section
                0x0000000008000000       0x40 zephyr/arch/arch/arm/core/cortex_m/libarch__arm__core__cortex_m.a(vector_table.S.obj)
                0x0000000008000000                _vector_table
 *(SORT_BY_ALIGNMENT(.vectors))
                0x0000000008000194                _vector_end = .
                0x0000000008000040                . = ALIGN (0x4)
 *(SORT_BY_ALIGNMENT(.gnu.linkonce.irq_vector_table*))
 .gnu.linkonce.irq_vector_table
                0x0000000008000040      0x154 zephyr/CMakeFiles/zephyr_final.dir/isr_tables.c.obj
                0x0000000008000040                _irq_vector_table
                0x0000000008000194                _vector_end = .

text            0x0000000008000194     0x327c
                0x0000000008000194                __text_region_start = .
 *(SORT_BY_ALIGNMENT(.text))
 .text          0x0000000008000194       0x30 /home/krzysztof/zephyr-sdk-0.16.5-1/arm-zephyr-eabi/bin/../lib/gcc/arm-zephyr-eabi/12.2.0/thumb/v7e-m/nofp/libgcc.a(_aeabi_uldivmod.o)
                0x0000000008000194                __aeabi_uldivmod
 .text          0x00000000080001c4        0x4 /home/krzysztof/zephyr-sdk-0.16.5-1/arm-zephyr-eabi/bin/../lib/gcc/arm-zephyr-eabi/12.2.0/thumb/v7e-m/nofp/libgcc.a(_dvmd_tls.o)
                0x00000000080001c4                __aeabi_ldiv0
                0x00000000080001c4                __aeabi_idiv0
 .text          0x00000000080001c8      0x2a0 /home/krzysztof/zephyr-sdk-0.16.5-1/arm-zephyr-eabi/bin/../lib/gcc/arm-zephyr-eabi/12.2.0/thumb/v7e-m/nofp/libgcc.a(_udivmoddi4.o)
                0x00000000080001c8                __udivmoddi4
 *(SORT_BY_ALIGNMENT(.text.*))
 .text.main     0x0000000008000468       0x70 app/libapp.a(main.c.obj)
                0x0000000008000468                main
 .text.char_out
                0x00000000080004d8        0xc zephyr/libzephyr.a(printk.c.obj)
 .text.vprintk  0x00000000080004e4       0x30 zephyr/libzephyr.a(printk.c.obj)
                0x00000000080004e4                vprintk
 .text.__printk_hook_install
                0x0000000008000514        0xc zephyr/libzephyr.a(printk.c.obj)
                0x0000000008000514                __printk_hook_install
 .text.z_thread_entry
                0x0000000008000520       0x34 zephyr/libzephyr.a(thread_entry.c.obj)
                0x0000000008000520                z_thread_entry
 .text.st_stm32_common_config
                0x0000000008000554       0x14 zephyr/libzephyr.a(soc_config.c.obj)
 .text.stm32f3_init
                0x0000000008000568       0x20 zephyr/libzephyr.a(soc.c.obj)
 .text.mem_attr_get_regions
                0x0000000008000588        0xc zephyr/libzephyr.a(mem_attr.c.obj)
                0x0000000008000588                mem_attr_get_regions
 .text.z_arm_nmi
                0x0000000008000594       0x14 zephyr/arch/arch/arm/core/libarch__arm__core.a(nmi.c.obj)
                0x0000000008000594                z_arm_nmi
 .text.z_SysNmiOnReset
                0x00000000080005a8        0x8 zephyr/arch/arch/arm/core/libarch__arm__core.a(nmi_on_reset.S.obj)
                0x00000000080005a8                z_SysNmiOnReset
 .text.arch_tls_stack_setup
                0x00000000080005b0       0x40 zephyr/arch/arch/arm/core/libarch__arm__core.a(tls.c.obj)
                0x00000000080005b0                arch_tls_stack_setup
 .text._HandlerModeExit
                0x00000000080005f0       0x1c zephyr/arch/arch/arm/core/cortex_m/libarch__arm__core__cortex_m.a(exc_exit.S.obj)
                0x00000000080005f0                z_arm_exc_exit
                0x00000000080005f0                z_arm_int_exit
 .text.mem_manage_fault
                0x000000000800060c       0xa0 zephyr/arch/arch/arm/core/cortex_m/libarch__arm__core__cortex_m.a(fault.c.obj)
 .text.usage_fault.constprop.0
                0x00000000080006ac       0x54 zephyr/arch/arch/arm/core/cortex_m/libarch__arm__core__cortex_m.a(fault.c.obj)
 .text.bus_fault.constprop.0
                0x0000000008000700       0x6c zephyr/arch/arch/arm/core/cortex_m/libarch__arm__core__cortex_m.a(fault.c.obj)
 .text.z_arm_fault
                0x000000000800076c      0x128 zephyr/arch/arch/arm/core/cortex_m/libarch__arm__core__cortex_m.a(fault.c.obj)
                0x000000000800076c                z_arm_fault
 .text.z_arm_fault_init
                0x0000000008000894       0x10 zephyr/arch/arch/arm/core/cortex_m/libarch__arm__core__cortex_m.a(fault.c.obj)
                0x0000000008000894                z_arm_fault_init
 .text.__fault  0x00000000080008a4       0x14 zephyr/arch/arch/arm/core/cortex_m/libarch__arm__core__cortex_m.a(fault_s.S.obj)
                0x00000000080008a4                z_arm_bus_fault
                0x00000000080008a4                z_arm_usage_fault
                0x00000000080008a4                z_arm_mpu_fault
                0x00000000080008a4                z_arm_exc_spurious
                0x00000000080008a4                z_arm_debug_monitor
                0x00000000080008a4                z_arm_hard_fault
 .text._reset_section
                0x00000000080008b8       0x2c zephyr/arch/arch/arm/core/cortex_m/libarch__arm__core__cortex_m.a(reset.S.obj)
                0x00000000080008b8                z_arm_reset
                0x00000000080008b8                __start
 .text.z_impl_k_thread_abort
                0x00000000080008e4       0x2c zephyr/arch/arch/arm/core/cortex_m/libarch__arm__core__cortex_m.a(thread_abort.c.obj)
                0x00000000080008e4                z_impl_k_thread_abort
 .text.arch_swap
                0x0000000008000910       0x30 zephyr/arch/arch/arm/core/cortex_m/libarch__arm__core__cortex_m.a(swap.c.obj)
                0x0000000008000910                arch_swap
 .text.z_arm_pendsv
                0x0000000008000940       0x64 zephyr/arch/arch/arm/core/cortex_m/libarch__arm__core__cortex_m.a(swap_helper.S.obj)
                0x0000000008000940                z_arm_pendsv
 .text.z_arm_svc
                0x00000000080009a4       0x20 zephyr/arch/arch/arm/core/cortex_m/libarch__arm__core__cortex_m.a(swap_helper.S.obj)
                0x00000000080009a4                z_arm_svc
 .text.arch_irq_enable
                0x00000000080009c4       0x1c zephyr/arch/arch/arm/core/cortex_m/libarch__arm__core__cortex_m.a(irq_manage.c.obj)
                0x00000000080009c4                arch_irq_enable
 .text.z_arm_irq_priority_set
                0x00000000080009e0       0x30 zephyr/arch/arch/arm/core/cortex_m/libarch__arm__core__cortex_m.a(irq_manage.c.obj)
                0x00000000080009e0                z_arm_irq_priority_set
 .text.z_prep_c
                0x0000000008000a10       0x48 zephyr/arch/arch/arm/core/cortex_m/libarch__arm__core__cortex_m.a(prep_c.c.obj)
                0x0000000008000a10                z_prep_c
 .text.arch_new_thread
                0x0000000008000a58       0x38 zephyr/arch/arch/arm/core/cortex_m/libarch__arm__core__cortex_m.a(thread.c.obj)
                0x0000000008000a58                arch_new_thread
 .text.z_check_thread_stack_fail
                0x0000000008000a90       0x2c zephyr/arch/arch/arm/core/cortex_m/libarch__arm__core__cortex_m.a(thread.c.obj)
                0x0000000008000a90                z_check_thread_stack_fail
 .text.arch_switch_to_main_thread
                0x0000000008000abc       0x38 zephyr/arch/arch/arm/core/cortex_m/libarch__arm__core__cortex_m.a(thread.c.obj)
                0x0000000008000abc                arch_switch_to_main_thread
 .text.z_arm_cpu_idle_init
                0x0000000008000af4        0xc zephyr/arch/arch/arm/core/cortex_m/libarch__arm__core__cortex_m.a(cpu_idle.S.obj)
                0x0000000008000af4                z_arm_cpu_idle_init
 .text.arch_cpu_idle
                0x0000000008000b00       0x1c zephyr/arch/arch/arm/core/cortex_m/libarch__arm__core__cortex_m.a(cpu_idle.S.obj)
                0x0000000008000b00                arch_cpu_idle
 .text.z_arm_interrupt_init
                0x0000000008000b1c       0x18 zephyr/arch/arch/arm/core/cortex_m/libarch__arm__core__cortex_m.a(irq_init.c.obj)
                0x0000000008000b1c                z_arm_interrupt_init
 .text._isr_wrapper
                0x0000000008000b34       0x28 zephyr/arch/arch/arm/core/cortex_m/libarch__arm__core__cortex_m.a(isr_wrapper.S.obj)
                0x0000000008000b34                _isr_wrapper
 .text.z_arm_configure_static_mpu_regions
                0x0000000008000b5c       0x18 zephyr/arch/arch/arm/core/mpu/libarch__arm__core__mpu.a(arm_core_mpu.c.obj)
                0x0000000008000b5c                z_arm_configure_static_mpu_regions
 .text.z_arm_configure_dynamic_mpu_regions
                0x0000000008000b74       0x20 zephyr/arch/arch/arm/core/mpu/libarch__arm__core__mpu.a(arm_core_mpu.c.obj)
                0x0000000008000b74                z_arm_configure_dynamic_mpu_regions
 .text.region_init
                0x0000000008000b94       0x28 zephyr/arch/arch/arm/core/mpu/libarch__arm__core__mpu.a(arm_mpu.c.obj)
 .text.mpu_configure_regions
                0x0000000008000bbc       0x6c zephyr/arch/arch/arm/core/mpu/libarch__arm__core__mpu.a(arm_mpu.c.obj)
 .text.arm_core_mpu_enable
                0x0000000008000c28       0x18 zephyr/arch/arch/arm/core/mpu/libarch__arm__core__mpu.a(arm_mpu.c.obj)
                0x0000000008000c28                arm_core_mpu_enable
 .text.arm_core_mpu_disable
                0x0000000008000c40       0x14 zephyr/arch/arch/arm/core/mpu/libarch__arm__core__mpu.a(arm_mpu.c.obj)
                0x0000000008000c40                arm_core_mpu_disable
 .text.arm_core_mpu_configure_static_mpu_regions
                0x0000000008000c54       0x14 zephyr/arch/arch/arm/core/mpu/libarch__arm__core__mpu.a(arm_mpu.c.obj)
                0x0000000008000c54                arm_core_mpu_configure_static_mpu_regions
 .text.arm_core_mpu_configure_dynamic_mpu_regions
                0x0000000008000c68       0x38 zephyr/arch/arch/arm/core/mpu/libarch__arm__core__mpu.a(arm_mpu.c.obj)
                0x0000000008000c68                arm_core_mpu_configure_dynamic_mpu_regions
 .text.z_arm_mpu_init
                0x0000000008000ca0      0x160 zephyr/arch/arch/arm/core/mpu/libarch__arm__core__mpu.a(arm_mpu.c.obj)
                0x0000000008000ca0                z_arm_mpu_init
 .text.z_impl_zephyr_fputc
                0x0000000008000e00       0x10 zephyr/lib/libc/picolibc/liblib__libc__picolibc.a(libc-hooks.c.obj)
                0x0000000008000e00                z_impl_zephyr_fputc
 .text.__stdout_hook_install
                0x0000000008000e10       0x18 zephyr/lib/libc/picolibc/liblib__libc__picolibc.a(libc-hooks.c.obj)
                0x0000000008000e10                __stdout_hook_install
 .text.malloc_prepare
                0x0000000008000e28       0x24 zephyr/lib/libc/common/liblib__libc__common.a(malloc.c.obj)
 .text.stm32_exti_isr
                0x0000000008000e4c       0x4c zephyr/drivers/interrupt_controller/libdrivers__interrupt_controller.a(intc_exti_stm32.c.obj)
 .text.stm32_fill_irq_table
                0x0000000008000e98       0x18 zephyr/drivers/interrupt_controller/libdrivers__interrupt_controller.a(intc_exti_stm32.c.obj)
 .text.stm32_exti_enable
                0x0000000008000eb0       0x24 zephyr/drivers/interrupt_controller/libdrivers__interrupt_controller.a(intc_exti_stm32.c.obj)
                0x0000000008000eb0                stm32_exti_enable
 .text.stm32_exti_disable
                0x0000000008000ed4       0x18 zephyr/drivers/interrupt_controller/libdrivers__interrupt_controller.a(intc_exti_stm32.c.obj)
                0x0000000008000ed4                stm32_exti_disable
 .text.stm32_exti_trigger
                0x0000000008000eec       0x60 zephyr/drivers/interrupt_controller/libdrivers__interrupt_controller.a(intc_exti_stm32.c.obj)
                0x0000000008000eec                stm32_exti_trigger
 .text.stm32_exti_set_callback
                0x0000000008000f4c       0x30 zephyr/drivers/interrupt_controller/libdrivers__interrupt_controller.a(intc_exti_stm32.c.obj)
                0x0000000008000f4c                stm32_exti_set_callback
 .text.stm32_exti_unset_callback
                0x0000000008000f7c       0x14 zephyr/drivers/interrupt_controller/libdrivers__interrupt_controller.a(intc_exti_stm32.c.obj)
                0x0000000008000f7c                stm32_exti_unset_callback
 .text.stm32_clock_control_get_subsys_rate
                0x0000000008000f90       0x60 zephyr/drivers/clock_control/libdrivers__clock_control.a(clock_stm32_ll_common.c.obj)
 .text.stm32_clock_control_init
                0x0000000008000ff0       0xf4 zephyr/drivers/clock_control/libdrivers__clock_control.a(clock_stm32_ll_common.c.obj)
                0x0000000008000ff0                stm32_clock_control_init
 .text.config_pll_sysclock
                0x00000000080010e4       0x1c zephyr/drivers/clock_control/libdrivers__clock_control.a(clock_stm32f0_f3.c.obj)
                0x00000000080010e4                config_pll_sysclock
 .text.get_pllout_frequency
                0x0000000008001100       0x20 zephyr/drivers/clock_control/libdrivers__clock_control.a(clock_stm32f0_f3.c.obj)
                0x0000000008001100                get_pllout_frequency
 .text.config_enable_default_clocks
                0x0000000008001120       0x20 zephyr/drivers/clock_control/libdrivers__clock_control.a(clock_stm32f0_f3.c.obj)
                0x0000000008001120                config_enable_default_clocks
 .text.uart_console_init
                0x0000000008001140       0x28 zephyr/drivers/console/libdrivers__console.a(uart_console.c.obj)
 .text.console_out
                0x0000000008001168       0x28 zephyr/drivers/console/libdrivers__console.a(uart_console.c.obj)
 .text.gpio_stm32_init
                0x0000000008001190       0x30 zephyr/drivers/gpio/libdrivers__gpio.a(gpio_stm32.c.obj)
 .text.gpio_stm32_pin_interrupt_configure
                0x00000000080011c0      0x10c zephyr/drivers/gpio/libdrivers__gpio.a(gpio_stm32.c.obj)
 .text.pinctrl_configure_pins
                0x00000000080012cc       0x84 zephyr/drivers/pinctrl/libdrivers__pinctrl.a(pinctrl_stm32.c.obj)
                0x00000000080012cc                pinctrl_configure_pins
 .text.uart_stm32_parameters_set
                0x0000000008001350      0x138 zephyr/drivers/serial/libdrivers__serial.a(uart_stm32.c.obj)
 .text.uart_stm32_init
                0x0000000008001488      0x140 zephyr/drivers/serial/libdrivers__serial.a(uart_stm32.c.obj)
 .text.uart_stm32_configure
                0x00000000080015c8      0x138 zephyr/drivers/serial/libdrivers__serial.a(uart_stm32.c.obj)
 .text.elapsed  0x0000000008001700       0x4c zephyr/drivers/timer/libdrivers__timer.a(cortex_m_systick.c.obj)
 .text.sys_clock_driver_init
                0x000000000800174c       0x38 zephyr/drivers/timer/libdrivers__timer.a(cortex_m_systick.c.obj)
 .text.sys_clock_isr
                0x0000000008001784       0x54 zephyr/drivers/timer/libdrivers__timer.a(cortex_m_systick.c.obj)
                0x0000000008001784                sys_clock_isr
 .text.sys_clock_set_timeout
                0x00000000080017d8       0xfc zephyr/drivers/timer/libdrivers__timer.a(cortex_m_systick.c.obj)
                0x00000000080017d8                sys_clock_set_timeout
 .text.sys_clock_elapsed
                0x00000000080018d4       0x3c zephyr/drivers/timer/libdrivers__timer.a(cortex_m_systick.c.obj)
                0x00000000080018d4                sys_clock_elapsed
 .text.HAL_RCC_GetSysClockFreq
                0x0000000008001910       0x58 modules/stm32/stm32cube/lib..__modules__hal__stm32__stm32cube.a(stm32f3xx_hal_rcc.c.obj)
                0x0000000008001910                HAL_RCC_GetSysClockFreq
 .text.LL_SetFlashLatency
                0x0000000008001968       0x4c modules/stm32/stm32cube/lib..__modules__hal__stm32__stm32cube.a(stm32f3xx_ll_utils.c.obj)
                0x0000000008001968                LL_SetFlashLatency
 .text.z_fatal_error
                0x00000000080019b4       0x30 zephyr/kernel/libkernel.a(fatal.c.obj)
                0x00000000080019b4                z_fatal_error
 .text.z_sys_init_run_level
                0x00000000080019e4       0x48 zephyr/kernel/libkernel.a(init.c.obj)
 .text.bg_thread_main
                0x0000000008001a2c       0xc0 zephyr/kernel/libkernel.a(init.c.obj)
 .text.z_bss_zero
                0x0000000008001aec       0x18 zephyr/kernel/libkernel.a(init.c.obj)
                0x0000000008001aec                z_bss_zero
 .text.z_init_cpu
                0x0000000008001b04       0x8c zephyr/kernel/libkernel.a(init.c.obj)
                0x0000000008001b04                z_init_cpu
 .text.z_cstart
                0x0000000008001b90       0xd8 zephyr/kernel/libkernel.a(init.c.obj)
                0x0000000008001b90                z_cstart
 .text.z_setup_new_thread
                0x0000000008001c68       0x98 zephyr/kernel/libkernel.a(thread.c.obj)
                0x0000000008001c68                z_setup_new_thread
 .text.update_cache
                0x0000000008001d00       0x40 zephyr/kernel/libkernel.a(sched.c.obj)
 .text.unready_thread
                0x0000000008001d40       0x38 zephyr/kernel/libkernel.a(sched.c.obj)
 .text.ready_thread
                0x0000000008001d78       0x68 zephyr/kernel/libkernel.a(sched.c.obj)
 .text.z_thread_halt
                0x0000000008001de0       0xa8 zephyr/kernel/libkernel.a(sched.c.obj)
 .text.move_thread_to_end_of_prio_q
                0x0000000008001e88       0x7c zephyr/kernel/libkernel.a(sched.c.obj)
                0x0000000008001e88                move_thread_to_end_of_prio_q
 .text.z_reschedule
                0x0000000008001f04       0x24 zephyr/kernel/libkernel.a(sched.c.obj)
                0x0000000008001f04                z_reschedule
 .text.z_sched_start
                0x0000000008001f28       0x3c zephyr/kernel/libkernel.a(sched.c.obj)
                0x0000000008001f28                z_sched_start
 .text.z_reschedule_irqlock
                0x0000000008001f64       0x28 zephyr/kernel/libkernel.a(sched.c.obj)
                0x0000000008001f64                z_reschedule_irqlock
 .text.k_sched_lock
                0x0000000008001f8c       0x28 zephyr/kernel/libkernel.a(sched.c.obj)
                0x0000000008001f8c                k_sched_lock
 .text.k_sched_unlock
                0x0000000008001fb4       0x38 zephyr/kernel/libkernel.a(sched.c.obj)
                0x0000000008001fb4                k_sched_unlock
 .text.z_sched_init
                0x0000000008001fec       0x10 zephyr/kernel/libkernel.a(sched.c.obj)
                0x0000000008001fec                z_sched_init
 .text.z_impl_k_yield
                0x0000000008001ffc       0x80 zephyr/kernel/libkernel.a(sched.c.obj)
                0x0000000008001ffc                z_impl_k_yield
 .text.z_tick_sleep
                0x000000000800207c       0x88 zephyr/kernel/libkernel.a(sched.c.obj)
 .text.z_impl_k_sleep
                0x0000000008002104       0x3c zephyr/kernel/libkernel.a(sched.c.obj)
                0x0000000008002104                z_impl_k_sleep
 .text.z_impl_k_sched_current_thread_query
                0x0000000008002140        0xc zephyr/kernel/libkernel.a(sched.c.obj)
                0x0000000008002140                z_impl_k_sched_current_thread_query
 .text.slice_timeout
                0x000000000800214c       0x20 zephyr/kernel/libkernel.a(timeslicing.c.obj)
 .text.thread_is_sliceable
                0x000000000800216c       0x3c zephyr/kernel/libkernel.a(timeslicing.c.obj)
                0x000000000800216c                thread_is_sliceable
 .text.z_reset_time_slice
                0x00000000080021a8       0x50 zephyr/kernel/libkernel.a(timeslicing.c.obj)
                0x00000000080021a8                z_reset_time_slice
 .text.z_time_slice
                0x00000000080021f8       0x60 zephyr/kernel/libkernel.a(timeslicing.c.obj)
                0x00000000080021f8                z_time_slice
 .text.z_data_copy
                0x0000000008002258       0x34 zephyr/kernel/libkernel.a(xip.c.obj)
                0x0000000008002258                z_data_copy
 .text.elapsed  0x000000000800228c       0x14 zephyr/kernel/libkernel.a(timeout.c.obj)
 .text.remove_timeout
                0x00000000080022a0       0x38 zephyr/kernel/libkernel.a(timeout.c.obj)
 .text.next_timeout
                0x00000000080022d8       0x40 zephyr/kernel/libkernel.a(timeout.c.obj)
 .text.z_add_timeout
                0x0000000008002318       0xf8 zephyr/kernel/libkernel.a(timeout.c.obj)
                0x0000000008002318                z_add_timeout
 .text.sys_clock_announce
                0x0000000008002410       0xd4 zephyr/kernel/libkernel.a(timeout.c.obj)
                0x0000000008002410                sys_clock_announce
 .text.sys_clock_tick_get
                0x00000000080024e4       0x34 zephyr/kernel/libkernel.a(timeout.c.obj)
                0x00000000080024e4                sys_clock_tick_get
 .text.boot_banner
                0x0000000008002518        0xc zephyr/kernel/libkernel.a(banner.c.obj)
                0x0000000008002518                boot_banner
 .text.printf   0x0000000008002524       0x24 /home/krzysztof/zephyr-sdk-0.16.5-1/arm-zephyr-eabi/bin/../lib/gcc/../../picolibc/arm-zephyr-eabi/lib/thumb/v7e-m/nofp/libc.a(libc_tinystdio_printf.c.o)
                0x0000000008002524                printf
 .text.__l_vfprintf
                0x0000000008002548      0x4b8 /home/krzysztof/zephyr-sdk-0.16.5-1/arm-zephyr-eabi/bin/../lib/gcc/../../picolibc/arm-zephyr-eabi/lib/thumb/v7e-m/nofp/libc.a(libc_tinystdio_vflprintf.c.o)
                0x0000000008002548                __l_vfprintf
 .text._OffsetAbsSyms
                0x0000000008002a00        0x2 zephyr/CMakeFiles/offsets.dir/./arch/arm/core/offsets/offsets.c.obj
                0x0000000008002a00                _OffsetAbsSyms
 .text.chunk_size
                0x0000000008002a02        0xa zephyr/libzephyr.a(heap.c.obj)
 .text.free_list_add
                0x0000000008002a0c       0x4e zephyr/libzephyr.a(heap.c.obj)
 .text.sys_heap_init
                0x0000000008002a5a       0x7a zephyr/libzephyr.a(heap.c.obj)
                0x0000000008002a5a                sys_heap_init
 .text.arch_printk_char_out
                0x0000000008002ad4        0x4 zephyr/libzephyr.a(printk.c.obj)
                0x0000000008002ad4                arch_printk_char_out
 .text.printk   0x0000000008002ad8       0x1a zephyr/libzephyr.a(printk.c.obj)
                0x0000000008002ad8                printk
 .text._ConfigAbsSyms
                0x0000000008002af2        0x2 zephyr/libzephyr.a(configs.c.obj)
                0x0000000008002af2                _ConfigAbsSyms
 .text.z_arm_fatal_error
                0x0000000008002af4        0x4 zephyr/arch/arch/arm/core/libarch__arm__core.a(fatal.c.obj)
                0x0000000008002af4                z_arm_fatal_error
 .text.z_do_kernel_oops
                0x0000000008002af8        0x8 zephyr/arch/arch/arm/core/libarch__arm__core.a(fatal.c.obj)
                0x0000000008002af8                z_do_kernel_oops
 .text.z_irq_spurious
                0x0000000008002b00        0x8 zephyr/arch/arch/arm/core/cortex_m/libarch__arm__core__cortex_m.a(irq_manage.c.obj)
                0x0000000008002b00                z_irq_spurious
 .text.size_to_mpu_rasr_size
                0x0000000008002b08       0x20 zephyr/arch/arch/arm/core/mpu/libarch__arm__core__mpu.a(arm_mpu.c.obj)
 .text.picolibc_put
                0x0000000008002b28        0xa zephyr/lib/libc/picolibc/liblib__libc__picolibc.a(libc-hooks.c.obj)
 .text.stm32_exti_init
                0x0000000008002b32       0x92 zephyr/drivers/interrupt_controller/libdrivers__interrupt_controller.a(intc_exti_stm32.c.obj)
 .text.stm32_clock_control_on
                0x0000000008002bc4       0x38 zephyr/drivers/clock_control/libdrivers__clock_control.a(clock_stm32_ll_common.c.obj)
 .text.stm32_clock_control_off
                0x0000000008002bfc       0x24 zephyr/drivers/clock_control/libdrivers__clock_control.a(clock_stm32_ll_common.c.obj)
 .text.stm32_clock_control_configure
                0x0000000008002c20       0x5a zephyr/drivers/clock_control/libdrivers__clock_control.a(clock_stm32_ll_common.c.obj)
 .text.stm32_clock_control_get_status
                0x0000000008002c7a       0x34 zephyr/drivers/clock_control/libdrivers__clock_control.a(clock_stm32_ll_common.c.obj)
 .text.gpio_stm32_port_get_raw
                0x0000000008002cae        0xc zephyr/drivers/gpio/libdrivers__gpio.a(gpio_stm32.c.obj)
 .text.gpio_stm32_port_set_masked_raw
                0x0000000008002cba       0x12 zephyr/drivers/gpio/libdrivers__gpio.a(gpio_stm32.c.obj)
 .text.gpio_stm32_port_set_bits_raw
                0x0000000008002ccc        0xa zephyr/drivers/gpio/libdrivers__gpio.a(gpio_stm32.c.obj)
 .text.gpio_stm32_port_clear_bits_raw
                0x0000000008002cd6        0xa zephyr/drivers/gpio/libdrivers__gpio.a(gpio_stm32.c.obj)
 .text.gpio_stm32_port_toggle_bits
                0x0000000008002ce0        0xe zephyr/drivers/gpio/libdrivers__gpio.a(gpio_stm32.c.obj)
 .text.gpio_stm32_manage_callback
                0x0000000008002cee       0x52 zephyr/drivers/gpio/libdrivers__gpio.a(gpio_stm32.c.obj)
 .text.gpio_stm32_configure_raw.isra.0
                0x0000000008002d40      0x106 zephyr/drivers/gpio/libdrivers__gpio.a(gpio_stm32.c.obj)
 .text.gpio_stm32_config
                0x0000000008002e46       0x72 zephyr/drivers/gpio/libdrivers__gpio.a(gpio_stm32.c.obj)
 .text.gpio_stm32_isr
                0x0000000008002eb8       0x2e zephyr/drivers/gpio/libdrivers__gpio.a(gpio_stm32.c.obj)
 .text.gpio_stm32_configure
                0x0000000008002ee6       0x2a zephyr/drivers/gpio/libdrivers__gpio.a(gpio_stm32.c.obj)
                0x0000000008002ee6                gpio_stm32_configure
 .text.pinctrl_lookup_state
                0x0000000008002f10       0x26 zephyr/drivers/pinctrl/libdrivers__pinctrl.a(common.c.obj)
                0x0000000008002f10                pinctrl_lookup_state
 .text.reset_stm32_status
                0x0000000008002f36       0x20 zephyr/drivers/reset/libdrivers__reset.a(reset_stm32.c.obj)
 .text.reset_stm32_line_assert
                0x0000000008002f56       0x1c zephyr/drivers/reset/libdrivers__reset.a(reset_stm32.c.obj)
 .text.reset_stm32_line_deassert
                0x0000000008002f72       0x1e zephyr/drivers/reset/libdrivers__reset.a(reset_stm32.c.obj)
 .text.reset_stm32_line_toggle
                0x0000000008002f90       0x16 zephyr/drivers/reset/libdrivers__reset.a(reset_stm32.c.obj)
 .text.uart_stm32_set_baudrate
                0x0000000008002fa6       0x38 zephyr/drivers/serial/libdrivers__serial.a(uart_stm32.c.obj)
 .text.uart_stm32_ll2cfg_databits
                0x0000000008002fde       0x2a zephyr/drivers/serial/libdrivers__serial.a(uart_stm32.c.obj)
 .text.uart_stm32_err_check
                0x0000000008003008       0x62 zephyr/drivers/serial/libdrivers__serial.a(uart_stm32.c.obj)
 .text.uart_stm32_poll_out
                0x000000000800306a       0x3a zephyr/drivers/serial/libdrivers__serial.a(uart_stm32.c.obj)
 .text.uart_stm32_poll_in
                0x00000000080030a4       0x22 zephyr/drivers/serial/libdrivers__serial.a(uart_stm32.c.obj)
 .text.uart_stm32_config_get
                0x00000000080030c6       0x92 zephyr/drivers/serial/libdrivers__serial.a(uart_stm32.c.obj)
 .text.z_device_state_init
                0x0000000008003158        0x2 zephyr/kernel/libkernel.a(device.c.obj)
                0x0000000008003158                z_device_state_init
 .text.z_device_is_ready
                0x000000000800315a       0x16 zephyr/kernel/libkernel.a(device.c.obj)
                0x000000000800315a                z_device_is_ready
 .text.arch_system_halt
                0x0000000008003170       0x12 zephyr/kernel/libkernel.a(fatal.c.obj)
                0x0000000008003170                arch_system_halt
 .text.k_sys_fatal_error_handler
                0x0000000008003182        0x6 zephyr/kernel/libkernel.a(fatal.c.obj)
                0x0000000008003182                k_sys_fatal_error_handler
 .text.z_early_memset
                0x0000000008003188        0x4 zephyr/kernel/libkernel.a(init.c.obj)
                0x0000000008003188                z_early_memset
 .text.z_early_memcpy
                0x000000000800318c        0x4 zephyr/kernel/libkernel.a(init.c.obj)
                0x000000000800318c                z_early_memcpy
 .text.idle     0x0000000008003190       0x18 zephyr/kernel/libkernel.a(idle.c.obj)
                0x0000000008003190                idle
 .text.z_impl_k_thread_start
                0x00000000080031a8        0x4 zephyr/kernel/libkernel.a(thread.c.obj)
                0x00000000080031a8                z_impl_k_thread_start
 .text.unpend_thread_no_timeout
                0x00000000080031ac       0x1a zephyr/kernel/libkernel.a(sched.c.obj)
 .text.z_ready_thread
                0x00000000080031c6       0x20 zephyr/kernel/libkernel.a(sched.c.obj)
                0x00000000080031c6                z_ready_thread
 .text.z_impl_k_thread_suspend
                0x00000000080031e6       0x36 zephyr/kernel/libkernel.a(sched.c.obj)
                0x00000000080031e6                z_impl_k_thread_suspend
 .text.z_sched_wake_thread
                0x000000000800321c       0x46 zephyr/kernel/libkernel.a(sched.c.obj)
                0x000000000800321c                z_sched_wake_thread
 .text.z_thread_timeout
                0x0000000008003262        0x8 zephyr/kernel/libkernel.a(sched.c.obj)
                0x0000000008003262                z_thread_timeout
 .text.z_reschedule_unlocked
                0x000000000800326a       0x14 zephyr/kernel/libkernel.a(sched.c.obj)
 .text.z_thread_abort
                0x000000000800327e       0x42 zephyr/kernel/libkernel.a(sched.c.obj)
                0x000000000800327e                z_thread_abort
 .text.z_abort_timeout
                0x00000000080032c0       0x2c zephyr/kernel/libkernel.a(timeout.c.obj)
                0x00000000080032c0                z_abort_timeout
 .text.sys_clock_tick_get_32
                0x00000000080032ec        0x8 zephyr/kernel/libkernel.a(timeout.c.obj)
                0x00000000080032ec                sys_clock_tick_get_32
 .text.z_priq_dumb_remove
                0x00000000080032f4       0x10 zephyr/kernel/libkernel.a(priority_queues.c.obj)
                0x00000000080032f4                z_priq_dumb_remove
 .text.z_priq_dumb_best
                0x0000000008003304        0xc zephyr/kernel/libkernel.a(priority_queues.c.obj)
                0x0000000008003304                z_priq_dumb_best
 .text.strnlen  0x0000000008003310       0x18 /home/krzysztof/zephyr-sdk-0.16.5-1/arm-zephyr-eabi/bin/../lib/gcc/../../picolibc/arm-zephyr-eabi/lib/thumb/v7e-m/nofp/libc.a(libc_string_strnlen.c.o)
                0x0000000008003310                strnlen
 .text.__ultoa_invert
                0x0000000008003328       0xae /home/krzysztof/zephyr-sdk-0.16.5-1/arm-zephyr-eabi/bin/../lib/gcc/../../picolibc/arm-zephyr-eabi/lib/thumb/v7e-m/nofp/libc.a(libc_tinystdio_vflprintf.c.o)
 .text.memcpy   0x00000000080033d6       0x1c /home/krzysztof/zephyr-sdk-0.16.5-1/arm-zephyr-eabi/bin/../lib/gcc/../../picolibc/arm-zephyr-eabi/lib/thumb/v7e-m/nofp/libc.a(memcpy.c.o)
                0x00000000080033d6                memcpy
                0x00000000080033d6                __aeabi_memcpy
                0x00000000080033d6                __aeabi_memcpy4
                0x00000000080033d6                __aeabi_memcpy8
 .text.memset   0x00000000080033f2       0x10 /home/krzysztof/zephyr-sdk-0.16.5-1/arm-zephyr-eabi/bin/../lib/gcc/../../picolibc/arm-zephyr-eabi/lib/thumb/v7e-m/nofp/libc.a(memset.c.o)
                0x00000000080033f2                memset
 *(SORT_BY_ALIGNMENT(.TEXT.*))
 *fill*         0x0000000008003402        0x2 
 .TEXT.__aeabi_read_tp
                0x0000000008003404        0xc zephyr/arch/arch/arm/core/cortex_m/libarch__arm__core__cortex_m.a(__aeabi_read_tp.S.obj)
                0x0000000008003404                __aeabi_read_tp
 *(SORT_BY_ALIGNMENT(.gnu.linkonce.t.*))
 *(SORT_BY_ALIGNMENT(.glue_7t))
 .glue_7t       0x0000000008003410        0x0 linker stubs
 *(SORT_BY_ALIGNMENT(.glue_7))
 .glue_7        0x0000000008003410        0x0 linker stubs
 *(SORT_BY_ALIGNMENT(.vfp11_veneer))
 .vfp11_veneer  0x0000000008003410        0x0 linker stubs
 *(SORT_BY_ALIGNMENT(.v4_bx))
 .v4_bx         0x0000000008003410        0x0 linker stubs
                0x0000000008003410                . = ALIGN (0x4)
                0x0000000008003410                __text_region_end = .

.ARM.exidx      0x0000000008003410        0x8
                0x0000000008003410                __exidx_start = .
 *(SORT_BY_ALIGNMENT(.ARM.exidx*) SORT_BY_ALIGNMENT(gnu.linkonce.armexidx.*))
 .ARM.exidx     0x0000000008003410        0x8 /home/krzysztof/zephyr-sdk-0.16.5-1/arm-zephyr-eabi/bin/../lib/gcc/arm-zephyr-eabi/12.2.0/thumb/v7e-m/nofp/libgcc.a(_udivmoddi4.o)
                0x0000000008003418                __exidx_end = .
                0x0000000008003418                __rodata_region_start = .

initlevel       0x0000000008003418       0x80
                0x0000000008003418                __init_start = .
                0x0000000008003418                __init_EARLY_start = .
 *(SORT_BY_NAME(SORT_BY_ALIGNMENT(.z_init_EARLY?_*)))
 *(SORT_BY_NAME(SORT_BY_ALIGNMENT(.z_init_EARLY??_*)))
                0x0000000008003418                __init_PRE_KERNEL_1_start = .
 *(SORT_BY_NAME(SORT_BY_ALIGNMENT(.z_init_PRE_KERNEL_1?_*)))
 .z_init_PRE_KERNEL_10_0_
                0x0000000008003418        0x8 zephyr/libzephyr.a(soc.c.obj)
 .z_init_PRE_KERNEL_11_00009_
                0x0000000008003420        0x8 zephyr/drivers/clock_control/libdrivers__clock_control.a(clock_stm32_ll_common.c.obj)
 .z_init_PRE_KERNEL_11_0_
                0x0000000008003428        0x8 zephyr/libzephyr.a(soc_config.c.obj)
 *(SORT_BY_NAME(SORT_BY_ALIGNMENT(.z_init_PRE_KERNEL_1??_*)))
 .z_init_PRE_KERNEL_135_00045_
                0x0000000008003430        0x8 zephyr/drivers/reset/libdrivers__reset.a(reset_stm32.c.obj)
 .z_init_PRE_KERNEL_140_00029_
                0x0000000008003438        0x8 zephyr/drivers/gpio/libdrivers__gpio.a(gpio_stm32.c.obj)
 .z_init_PRE_KERNEL_140_00032_
                0x0000000008003440        0x8 zephyr/drivers/gpio/libdrivers__gpio.a(gpio_stm32.c.obj)
 .z_init_PRE_KERNEL_140_00042_
                0x0000000008003448        0x8 zephyr/drivers/interrupt_controller/libdrivers__interrupt_controller.a(intc_exti_stm32.c.obj)
 .z_init_PRE_KERNEL_140_00066_
                0x0000000008003450        0x8 zephyr/drivers/gpio/libdrivers__gpio.a(gpio_stm32.c.obj)
 .z_init_PRE_KERNEL_140_00067_
                0x0000000008003458        0x8 zephyr/drivers/gpio/libdrivers__gpio.a(gpio_stm32.c.obj)
 .z_init_PRE_KERNEL_140_00068_
                0x0000000008003460        0x8 zephyr/drivers/gpio/libdrivers__gpio.a(gpio_stm32.c.obj)
 .z_init_PRE_KERNEL_140_00069_
                0x0000000008003468        0x8 zephyr/drivers/gpio/libdrivers__gpio.a(gpio_stm32.c.obj)
 .z_init_PRE_KERNEL_150_00046_
                0x0000000008003470        0x8 zephyr/drivers/serial/libdrivers__serial.a(uart_stm32.c.obj)
 .z_init_PRE_KERNEL_150_00052_
                0x0000000008003478        0x8 zephyr/drivers/serial/libdrivers__serial.a(uart_stm32.c.obj)
 .z_init_PRE_KERNEL_160_0_
                0x0000000008003480        0x8 zephyr/drivers/console/libdrivers__console.a(uart_console.c.obj)
                0x0000000008003488                __init_PRE_KERNEL_2_start = .
 *(SORT_BY_NAME(SORT_BY_ALIGNMENT(.z_init_PRE_KERNEL_2?_*)))
 .z_init_PRE_KERNEL_20_0_
                0x0000000008003488        0x8 zephyr/drivers/timer/libdrivers__timer.a(cortex_m_systick.c.obj)
 *(SORT_BY_NAME(SORT_BY_ALIGNMENT(.z_init_PRE_KERNEL_2??_*)))
                0x0000000008003490                __init_POST_KERNEL_start = .
 *(SORT_BY_NAME(SORT_BY_ALIGNMENT(.z_init_POST_KERNEL?_*)))
 *(SORT_BY_NAME(SORT_BY_ALIGNMENT(.z_init_POST_KERNEL??_*)))
 .z_init_POST_KERNEL40_0_
                0x0000000008003490        0x8 zephyr/lib/libc/common/liblib__libc__common.a(malloc.c.obj)
                0x0000000008003498                __init_APPLICATION_start = .
 *(SORT_BY_NAME(SORT_BY_ALIGNMENT(.z_init_APPLICATION?_*)))
 *(SORT_BY_NAME(SORT_BY_ALIGNMENT(.z_init_APPLICATION??_*)))
                0x0000000008003498                __init_SMP_start = .
 *(SORT_BY_NAME(SORT_BY_ALIGNMENT(.z_init_SMP?_*)))
 *(SORT_BY_NAME(SORT_BY_ALIGNMENT(.z_init_SMP??_*)))
                0x0000000008003498                __init_end = .

device_area     0x0000000008003498       0xdc
                0x0000000008003498                _device_list_start = .
 *(SORT_BY_NAME(SORT_BY_ALIGNMENT(._device.static.*_?_*)))
 ._device.static.1_1_
                0x0000000008003498       0x14 zephyr/drivers/clock_control/libdrivers__clock_control.a(clock_stm32_ll_common.c.obj)
                0x0000000008003498                __device_dts_ord_9
 *(SORT_BY_NAME(SORT_BY_ALIGNMENT(._device.static.*_??_*)))
 ._device.static.1_35_
                0x00000000080034ac       0x14 zephyr/drivers/reset/libdrivers__reset.a(reset_stm32.c.obj)
                0x00000000080034ac                __device_dts_ord_45
 ._device.static.1_40_
                0x00000000080034c0       0x14 zephyr/drivers/interrupt_controller/libdrivers__interrupt_controller.a(intc_exti_stm32.c.obj)
                0x00000000080034c0                __device_dts_ord_42
 ._device.static.1_40_
                0x00000000080034d4       0x78 zephyr/drivers/gpio/libdrivers__gpio.a(gpio_stm32.c.obj)
                0x00000000080034d4                __device_dts_ord_69
                0x00000000080034e8                __device_dts_ord_68
                0x00000000080034fc                __device_dts_ord_67
                0x0000000008003510                __device_dts_ord_29
                0x0000000008003524                __device_dts_ord_66
                0x0000000008003538                __device_dts_ord_32
 ._device.static.1_50_
                0x000000000800354c       0x28 zephyr/drivers/serial/libdrivers__serial.a(uart_stm32.c.obj)
                0x000000000800354c                __device_dts_ord_46
                0x0000000008003560                __device_dts_ord_52
                0x0000000008003574                _device_list_end = .

sw_isr_table    0x0000000008003574      0x2a8
                0x0000000008003574                . = ALIGN (0x4)
 *(SORT_BY_ALIGNMENT(.gnu.linkonce.sw_isr_table*))
 .gnu.linkonce.sw_isr_table
                0x0000000008003574      0x2a8 zephyr/CMakeFiles/zephyr_final.dir/isr_tables.c.obj
                0x0000000008003574                _sw_isr_table

initlevel_error
                0x0000000008003418        0x0
 *(SORT_BY_NAME(SORT_BY_ALIGNMENT(.z_init_[_A-Z0-9]*)))
                0x0000000000000001                ASSERT ((SIZEOF (initlevel_error) == 0x0), Undefined initialization levels used.)

app_shmem_regions
                0x000000000800381c        0x0
                0x000000000800381c                __app_shmem_regions_start = .
 *(SORT_BY_NAME(SORT_BY_ALIGNMENT(.app_regions.*)))
                0x000000000800381c                __app_shmem_regions_end = .

k_p4wq_initparam_area
                0x000000000800381c        0x0
                0x000000000800381c                _k_p4wq_initparam_list_start = .
 *(SORT_BY_NAME(SORT_BY_ALIGNMENT(._k_p4wq_initparam.static.*)))
                0x000000000800381c                _k_p4wq_initparam_list_end = .

_static_thread_data_area
                0x000000000800381c        0x0
                0x000000000800381c                __static_thread_data_list_start = .
 *(SORT_BY_NAME(SORT_BY_ALIGNMENT(.__static_thread_data.static.*)))
                0x000000000800381c                __static_thread_data_list_end = .

device_deps     0x000000000800381c        0x0
                0x000000000800381c                __device_deps_start = .
 *(SORT_BY_NAME(SORT_BY_ALIGNMENT(.__device_deps_pass2*)))
                0x000000000800381c                __device_deps_end = .

ztest           0x000000000800381c        0x0
                0x000000000800381c                _ztest_expected_result_entry_list_start = .
 *(SORT_BY_NAME(SORT_BY_ALIGNMENT(._ztest_expected_result_entry.static.*)))
                0x000000000800381c                _ztest_expected_result_entry_list_end = .
                0x000000000800381c                _ztest_suite_node_list_start = .
 *(SORT_BY_NAME(SORT_BY_ALIGNMENT(._ztest_suite_node.static.*)))
                0x000000000800381c                _ztest_suite_node_list_end = .
                0x000000000800381c                _ztest_unit_test_list_start = .
 *(SORT_BY_NAME(SORT_BY_ALIGNMENT(._ztest_unit_test.static.*)))
                0x000000000800381c                _ztest_unit_test_list_end = .
                0x000000000800381c                _ztest_test_rule_list_start = .
 *(SORT_BY_NAME(SORT_BY_ALIGNMENT(._ztest_test_rule.static.*)))
                0x000000000800381c                _ztest_test_rule_list_end = .

bt_l2cap_fixed_chan_area
                0x000000000800381c        0x0
                0x000000000800381c                _bt_l2cap_fixed_chan_list_start = .
 *(SORT_BY_NAME(SORT_BY_ALIGNMENT(._bt_l2cap_fixed_chan.static.*)))
                0x000000000800381c                _bt_l2cap_fixed_chan_list_end = .

bt_gatt_service_static_area
                0x000000000800381c        0x0
                0x000000000800381c                _bt_gatt_service_static_list_start = .
 *(SORT_BY_NAME(SORT_BY_ALIGNMENT(._bt_gatt_service_static.static.*)))
                0x000000000800381c                _bt_gatt_service_static_list_end = .

log_strings_area
                0x000000000800381c        0x0
                0x000000000800381c                _log_strings_list_start = .
 *(SORT_BY_NAME(SORT_BY_ALIGNMENT(._log_strings.static.*)))
                0x000000000800381c                _log_strings_list_end = .

log_const_area  0x000000000800381c        0x0
                0x000000000800381c                _log_const_list_start = .
 *(SORT_BY_NAME(SORT_BY_ALIGNMENT(._log_const.static.*)))
                0x000000000800381c                _log_const_list_end = .

log_backend_area
                0x000000000800381c        0x0
                0x000000000800381c                _log_backend_list_start = .
 *(SORT_BY_NAME(SORT_BY_ALIGNMENT(._log_backend.static.*)))
                0x000000000800381c                _log_backend_list_end = .

log_link_area   0x000000000800381c        0x0
                0x000000000800381c                _log_link_list_start = .
 *(SORT_BY_NAME(SORT_BY_ALIGNMENT(._log_link.static.*)))
                0x000000000800381c                _log_link_list_end = .

tracing_backend_area
                0x000000000800381c        0x0
                0x000000000800381c                _tracing_backend_list_start = .
 *(SORT_BY_NAME(SORT_BY_ALIGNMENT(._tracing_backend.static.*)))
                0x000000000800381c                _tracing_backend_list_end = .

zephyr_dbg_info
 *(SORT_BY_ALIGNMENT(.dbg_thread_info))

symbol_to_keep  0x000000000800381c        0x0
                0x000000000800381c                __symbol_to_keep_start = .
 *(SORT_BY_NAME(SORT_BY_ALIGNMENT(.symbol_to_keep*)))
                0x000000000800381c                __symbol_to_keep_end = .

shell_area      0x000000000800381c        0x0
                0x000000000800381c                _shell_list_start = .
 *(SORT_BY_NAME(SORT_BY_ALIGNMENT(._shell.static.*)))
                0x000000000800381c                _shell_list_end = .

shell_root_cmds_area
                0x000000000800381c        0x0
                0x000000000800381c                _shell_root_cmds_list_start = .
 *(SORT_BY_NAME(SORT_BY_ALIGNMENT(._shell_root_cmds.static.*)))
                0x000000000800381c                _shell_root_cmds_list_end = .

shell_subcmds_area
                0x000000000800381c        0x0
                0x000000000800381c                _shell_subcmds_list_start = .
 *(SORT_BY_NAME(SORT_BY_ALIGNMENT(._shell_subcmds.static.*)))
                0x000000000800381c                _shell_subcmds_list_end = .

shell_dynamic_subcmds_area
                0x000000000800381c        0x0
                0x000000000800381c                _shell_dynamic_subcmds_list_start = .
 *(SORT_BY_NAME(SORT_BY_ALIGNMENT(._shell_dynamic_subcmds.static.*)))
                0x000000000800381c                _shell_dynamic_subcmds_list_end = .

cfb_font_area   0x000000000800381c        0x0
                0x000000000800381c                _cfb_font_list_start = .
 *(SORT_BY_NAME(SORT_BY_ALIGNMENT(._cfb_font.static.*)))
                0x000000000800381c                _cfb_font_list_end = .

tdata           0x000000000800381c        0x0
 *(SORT_BY_ALIGNMENT(.tdata) SORT_BY_ALIGNMENT(.tdata.*) SORT_BY_ALIGNMENT(.gnu.linkonce.td.*))

tbss            0x000000000800381c        0x4
 *(SORT_BY_ALIGNMENT(.tbss) SORT_BY_ALIGNMENT(.tbss.*) SORT_BY_ALIGNMENT(.gnu.linkonce.tb.*) SORT_BY_ALIGNMENT(.tcommon))
 .tbss.z_tls_current
                0x000000000800381c        0x4 zephyr/libzephyr.a(thread_entry.c.obj)
                0x000000000800381c                z_tls_current
                0x000000000800381c                PROVIDE (__tdata_start = LOADADDR (tdata))
                0x0000000000000001                PROVIDE (__tdata_align = ALIGNOF (tdata))
                0x0000000000000000                PROVIDE (__tdata_size = (((SIZEOF (tdata) + __tdata_align) - 0x1) & ~ ((__tdata_align - 0x1))))
                [!provide]                        PROVIDE (__tdata_end = (__tdata_start + __tdata_size))
                0x0000000000000004                PROVIDE (__tbss_align = ALIGNOF (tbss))
                [!provide]                        PROVIDE (__tbss_start = ADDR (tbss))
                0x0000000000000004                PROVIDE (__tbss_size = (((SIZEOF (tbss) + __tbss_align) - 0x1) & ~ ((__tbss_align - 0x1))))
                [!provide]                        PROVIDE (__tbss_end = (__tbss_start + __tbss_size))
                [!provide]                        PROVIDE (__tls_start = __tdata_start)
                [!provide]                        PROVIDE (__tls_end = __tbss_end)
                [!provide]                        PROVIDE (__tls_size = (__tbss_end - __tdata_start))

rodata          0x000000000800381c      0x340
 *(SORT_BY_ALIGNMENT(.rodata))
 .rodata        0x000000000800381c        0x8 zephyr/drivers/gpio/libdrivers__gpio.a(gpio_stm32.c.obj)
 *(SORT_BY_ALIGNMENT(.rodata.*))
 .rodata.mem_attr_region
                0x0000000008003824        0x0 zephyr/libzephyr.a(mem_attr.c.obj)
 .rodata.static_regions
                0x0000000008003824        0xc zephyr/arch/arch/arm/core/mpu/libarch__arm__core__mpu.a(arm_core_mpu.c.obj)
 .rodata.mpu_config
                0x0000000008003830        0x8 zephyr/arch/arch/arm/core/mpu/libarch__arm__core__mpu.a(arm_mpu_regions.c.obj)
                0x0000000008003830                mpu_config
 .rodata.mpu_regions
                0x0000000008003838       0x18 zephyr/arch/arch/arm/core/mpu/libarch__arm__core__mpu.a(arm_mpu_regions.c.obj)
 .rodata.stdout
                0x0000000008003850        0x4 zephyr/lib/libc/picolibc/liblib__libc__picolibc.a(libc-hooks.c.obj)
                0x0000000008003850                stdout
                0x0000000008003850                stderr
 .rodata.gpio_stm32_cfg_f
                0x0000000008003854       0x14 zephyr/drivers/gpio/libdrivers__gpio.a(gpio_stm32.c.obj)
 .rodata.gpio_stm32_cfg_e
                0x0000000008003868       0x14 zephyr/drivers/gpio/libdrivers__gpio.a(gpio_stm32.c.obj)
 .rodata.gpio_stm32_cfg_d
                0x000000000800387c       0x14 zephyr/drivers/gpio/libdrivers__gpio.a(gpio_stm32.c.obj)
 .rodata.gpio_stm32_cfg_c
                0x0000000008003890       0x14 zephyr/drivers/gpio/libdrivers__gpio.a(gpio_stm32.c.obj)
 .rodata.gpio_stm32_cfg_b
                0x00000000080038a4       0x14 zephyr/drivers/gpio/libdrivers__gpio.a(gpio_stm32.c.obj)
 .rodata.gpio_stm32_cfg_a
                0x00000000080038b8       0x14 zephyr/drivers/gpio/libdrivers__gpio.a(gpio_stm32.c.obj)
 .rodata.gpio_stm32_driver
                0x00000000080038cc       0x24 zephyr/drivers/gpio/libdrivers__gpio.a(gpio_stm32.c.obj)
 .rodata.gpio_ports
                0x00000000080038f0       0x2c zephyr/drivers/pinctrl/libdrivers__pinctrl.a(pinctrl_stm32.c.obj)
 .rodata.reset_stm32_config
                0x000000000800391c        0x4 zephyr/drivers/reset/libdrivers__reset.a(reset_stm32.c.obj)
 .rodata.reset_stm32_driver_api
                0x0000000008003920       0x10 zephyr/drivers/reset/libdrivers__reset.a(reset_stm32.c.obj)
 .rodata.uart_stm32_cfg_1
                0x0000000008003930       0x24 zephyr/drivers/serial/libdrivers__serial.a(uart_stm32.c.obj)
 .rodata.pclken_1
                0x0000000008003954        0x8 zephyr/drivers/serial/libdrivers__serial.a(uart_stm32.c.obj)
 .rodata.__pinctrl_dev_config__device_dts_ord_46
                0x000000000800395c        0x8 zephyr/drivers/serial/libdrivers__serial.a(uart_stm32.c.obj)
 .rodata.__pinctrl_states__device_dts_ord_46
                0x0000000008003964        0x8 zephyr/drivers/serial/libdrivers__serial.a(uart_stm32.c.obj)
 .rodata.__pinctrl_state_pins_0__device_dts_ord_46
                0x000000000800396c       0x10 zephyr/drivers/serial/libdrivers__serial.a(uart_stm32.c.obj)
 .rodata.uart_stm32_cfg_0
                0x000000000800397c       0x24 zephyr/drivers/serial/libdrivers__serial.a(uart_stm32.c.obj)
 .rodata.pclken_0
                0x00000000080039a0        0x8 zephyr/drivers/serial/libdrivers__serial.a(uart_stm32.c.obj)
 .rodata.__pinctrl_dev_config__device_dts_ord_52
                0x00000000080039a8        0x8 zephyr/drivers/serial/libdrivers__serial.a(uart_stm32.c.obj)
 .rodata.__pinctrl_states__device_dts_ord_52
                0x00000000080039b0        0x8 zephyr/drivers/serial/libdrivers__serial.a(uart_stm32.c.obj)
 .rodata.__pinctrl_state_pins_0__device_dts_ord_52
                0x00000000080039b8       0x10 zephyr/drivers/serial/libdrivers__serial.a(uart_stm32.c.obj)
 .rodata.uart_stm32_driver_api
                0x00000000080039c8       0x14 zephyr/drivers/serial/libdrivers__serial.a(uart_stm32.c.obj)
 .rodata.levels.0
                0x00000000080039dc       0x18 zephyr/kernel/libkernel.a(init.c.obj)
 .rodata.CSWTCH.725
                0x00000000080039f4        0x6 zephyr/drivers/serial/libdrivers__serial.a(uart_stm32.c.obj)
 .rodata.main.str1.1
                0x00000000080039fa       0x16 app/libapp.a(main.c.obj)
 .rodata.str1.1
                0x0000000008003a10        0xf zephyr/arch/arch/arm/core/mpu/libarch__arm__core__mpu.a(arm_mpu_regions.c.obj)
 .rodata.line_range_6.0
                0x0000000008003a1f        0x2 zephyr/drivers/interrupt_controller/libdrivers__interrupt_controller.a(intc_exti_stm32.c.obj)
 .rodata.line_range_5.1
                0x0000000008003a21        0x2 zephyr/drivers/interrupt_controller/libdrivers__interrupt_controller.a(intc_exti_stm32.c.obj)
 .rodata.line_range_4.2
                0x0000000008003a23        0x2 zephyr/drivers/interrupt_controller/libdrivers__interrupt_controller.a(intc_exti_stm32.c.obj)
 .rodata.line_range_3.3
                0x0000000008003a25        0x2 zephyr/drivers/interrupt_controller/libdrivers__interrupt_controller.a(intc_exti_stm32.c.obj)
 .rodata.line_range_2.4
                0x0000000008003a27        0x2 zephyr/drivers/interrupt_controller/libdrivers__interrupt_controller.a(intc_exti_stm32.c.obj)
 .rodata.line_range_1.5
                0x0000000008003a29        0x2 zephyr/drivers/interrupt_controller/libdrivers__interrupt_controller.a(intc_exti_stm32.c.obj)
 .rodata.line_range_0.6
                0x0000000008003a2b        0x2 zephyr/drivers/interrupt_controller/libdrivers__interrupt_controller.a(intc_exti_stm32.c.obj)
 .rodata.str1.1
                0x0000000008003a2d       0x1e zephyr/drivers/interrupt_controller/libdrivers__interrupt_controller.a(intc_exti_stm32.c.obj)
 .rodata.str1.1
                0x0000000008003a4b        0xd zephyr/drivers/clock_control/libdrivers__clock_control.a(clock_stm32_ll_common.c.obj)
 .rodata.str1.1
                0x0000000008003a58       0x54 zephyr/drivers/gpio/libdrivers__gpio.a(gpio_stm32.c.obj)
 .rodata.str1.1
                0x0000000008003aac       0x11 zephyr/drivers/reset/libdrivers__reset.a(reset_stm32.c.obj)
 .rodata.str1.1
                0x0000000008003abd       0x20 zephyr/drivers/serial/libdrivers__serial.a(uart_stm32.c.obj)
 .rodata.AHBPrescTable
                0x0000000008003add       0x10 modules/stm32/stm32cube/lib..__modules__hal__stm32__stm32cube.a(system_stm32f3xx.c.obj)
                0x0000000008003add                AHBPrescTable
 .rodata.aPredivFactorTable
                0x0000000008003aed       0x10 modules/stm32/stm32cube/lib..__modules__hal__stm32__stm32cube.a(stm32f3xx_hal_rcc.c.obj)
 .rodata.aPLLMULFactorTable
                0x0000000008003afd       0x10 modules/stm32/stm32cube/lib..__modules__hal__stm32__stm32cube.a(stm32f3xx_hal_rcc.c.obj)
 .rodata.z_cstart.str1.1
                0x0000000008003b0d        0x5 zephyr/kernel/libkernel.a(init.c.obj)
 .rodata.boot_banner.str1.1
                0x0000000008003b12       0x3b zephyr/kernel/libkernel.a(banner.c.obj)
 .rodata.__l_vfprintf.str1.1
                0x0000000008003b4d        0xf /home/krzysztof/zephyr-sdk-0.16.5-1/arm-zephyr-eabi/bin/../lib/gcc/../../picolibc/arm-zephyr-eabi/lib/thumb/v7e-m/nofp/libc.a(libc_tinystdio_vflprintf.c.o)
 *(SORT_BY_ALIGNMENT(.gnu.linkonce.r.*))
                0x0000000008003b5c                . = ALIGN (0x4)
                0x0000000008003b5c                __rodata_region_end = .
                0x0000000008003b60                . = ALIGN (_region_min_align)
                0x0000000008004000                . = ALIGN ((0x1 << LOG2CEIL ((__rodata_region_end - ADDR (rom_start)))))
                0x0000000008004000                __rom_region_end = ((__rom_region_start + .) - ADDR (rom_start))

/DISCARD/
 *(SORT_BY_ALIGNMENT(.got.plt))
 *(SORT_BY_ALIGNMENT(.igot.plt))
 *(SORT_BY_ALIGNMENT(.got))
 *(SORT_BY_ALIGNMENT(.igot))
                0x0000000020000000                . = 0x20000000
                0x0000000020000000                . = ALIGN (_region_min_align)
                0x0000000020000000                _image_ram_start = .

.ramfunc        0x0000000020000000        0x0 load address 0x0000000008003b5c
                0x0000000020000000                . = ALIGN (_region_min_align)
                0x0000000020000000                . = ALIGN ((0x1 << LOG2CEIL (__ramfunc_size)))
                0x0000000020000000                __ramfunc_start = .
 *(SORT_BY_ALIGNMENT(.ramfunc))
 *(SORT_BY_ALIGNMENT(.ramfunc.*))
                0x0000000020000000                . = ALIGN (_region_min_align)
                0x0000000020000000                . = ALIGN ((0x1 << LOG2CEIL (__ramfunc_size)))
                0x0000000020000000                __ramfunc_end = .
                0x0000000000000000                __ramfunc_size = (__ramfunc_end - __ramfunc_start)
                0x0000000008003b5c                __ramfunc_load_start = LOADADDR (.ramfunc)

datas           0x0000000020000000       0x70 load address 0x0000000008003b5c
                0x0000000020000000                __data_region_start = .
                0x0000000020000000                __data_start = .
 *(SORT_BY_ALIGNMENT(.data))
 *(SORT_BY_ALIGNMENT(.data.*))
 .data._char_out
                0x0000000020000000        0x4 zephyr/libzephyr.a(printk.c.obj)
                0x0000000020000000                _char_out
 .data.handler  0x0000000020000004        0x4 zephyr/arch/arch/arm/core/libarch__arm__core.a(nmi.c.obj)
 .data.__stdout
                0x0000000020000008       0x10 zephyr/lib/libc/picolibc/liblib__libc__picolibc.a(libc-hooks.c.obj)
 .data.stm32_clock_control_api
                0x0000000020000018       0x1c zephyr/drivers/clock_control/libdrivers__clock_control.a(clock_stm32_ll_common.c.obj)
 .data.uart_stm32_data_1
                0x0000000020000034        0x8 zephyr/drivers/serial/libdrivers__serial.a(uart_stm32.c.obj)
 .data.uart_cfg_1
                0x000000002000003c        0x8 zephyr/drivers/serial/libdrivers__serial.a(uart_stm32.c.obj)
 .data.uart_stm32_data_0
                0x0000000020000044        0x8 zephyr/drivers/serial/libdrivers__serial.a(uart_stm32.c.obj)
 .data.uart_cfg_0
                0x000000002000004c        0x8 zephyr/drivers/serial/libdrivers__serial.a(uart_stm32.c.obj)
 .data.SystemCoreClock
                0x0000000020000054        0x4 modules/stm32/stm32cube/lib..__modules__hal__stm32__stm32cube.a(system_stm32f3xx.c.obj)
                0x0000000020000054                SystemCoreClock
 .data.timeout_list
                0x0000000020000058        0x8 zephyr/kernel/libkernel.a(timeout.c.obj)
 .data.exti_irq_table
                0x0000000020000060       0x10 zephyr/drivers/interrupt_controller/libdrivers__interrupt_controller.a(intc_exti_stm32.c.obj)
 *(SORT_BY_ALIGNMENT(.kernel.*))
                0x0000000020000070                __data_end = .
                0x0000000000000070                __data_size = (__data_end - __data_start)
                0x0000000008003b5c                __data_load_start = LOADADDR (datas)
                0x0000000008003b5c                __data_region_load_start = LOADADDR (datas)

device_states   0x0000000020000070       0x16 load address 0x0000000008003bcc
                0x0000000020000070                __device_states_start = .
 *(SORT_BY_ALIGNMENT(.z_devstate))
 .z_devstate    0x0000000020000070        0x2 zephyr/drivers/interrupt_controller/libdrivers__interrupt_controller.a(intc_exti_stm32.c.obj)
 .z_devstate    0x0000000020000072        0x2 zephyr/drivers/clock_control/libdrivers__clock_control.a(clock_stm32_ll_common.c.obj)
 .z_devstate    0x0000000020000074        0xc zephyr/drivers/gpio/libdrivers__gpio.a(gpio_stm32.c.obj)
 .z_devstate    0x0000000020000080        0x2 zephyr/drivers/reset/libdrivers__reset.a(reset_stm32.c.obj)
 .z_devstate    0x0000000020000082        0x4 zephyr/drivers/serial/libdrivers__serial.a(uart_stm32.c.obj)
 *(SORT_BY_ALIGNMENT(.z_devstate.*))
                0x0000000020000086                __device_states_end = .

log_mpsc_pbuf_area
                0x0000000020000086        0x0 load address 0x0000000008003be2
                0x0000000020000086                _log_mpsc_pbuf_list_start = .
 *(SORT_BY_NAME(SORT_BY_ALIGNMENT(._log_mpsc_pbuf.static.*)))
                0x0000000020000086                _log_mpsc_pbuf_list_end = .

log_msg_ptr_area
                0x0000000020000086        0x0 load address 0x0000000008003be2
                0x0000000020000086                _log_msg_ptr_list_start = .
 *(SORT_BY_NAME(SORT_BY_ALIGNMENT(._log_msg_ptr.static.*)))
                0x0000000020000086                _log_msg_ptr_list_end = .

log_dynamic_area
                0x0000000020000086        0x0 load address 0x0000000008003be2
                0x0000000020000086                _log_dynamic_list_start = .
 *(SORT_BY_NAME(SORT_BY_ALIGNMENT(._log_dynamic.static.*)))
                0x0000000020000086                _log_dynamic_list_end = .

k_timer_area    0x0000000020000086        0x0 load address 0x0000000008003be2
                0x0000000020000086                _k_timer_list_start = .
 *(SORT_BY_NAME(SORT_BY_ALIGNMENT(._k_timer.static.*)))
                0x0000000020000086                _k_timer_list_end = .

k_mem_slab_area
                0x0000000020000086        0x0 load address 0x0000000008003be2
                0x0000000020000086                _k_mem_slab_list_start = .
 *(SORT_BY_NAME(SORT_BY_ALIGNMENT(._k_mem_slab.static.*)))
                0x0000000020000086                _k_mem_slab_list_end = .

k_heap_area     0x0000000020000086        0x0 load address 0x0000000008003be2
                0x0000000020000086                _k_heap_list_start = .
 *(SORT_BY_NAME(SORT_BY_ALIGNMENT(._k_heap.static.*)))
                0x0000000020000086                _k_heap_list_end = .

k_mutex_area    0x0000000020000086        0x0 load address 0x0000000008003be2
                0x0000000020000086                _k_mutex_list_start = .
 *(SORT_BY_NAME(SORT_BY_ALIGNMENT(._k_mutex.static.*)))
                0x0000000020000086                _k_mutex_list_end = .

k_stack_area    0x0000000020000086        0x0 load address 0x0000000008003be2
                0x0000000020000086                _k_stack_list_start = .
 *(SORT_BY_NAME(SORT_BY_ALIGNMENT(._k_stack.static.*)))
                0x0000000020000086                _k_stack_list_end = .

k_msgq_area     0x0000000020000086        0x0 load address 0x0000000008003be2
                0x0000000020000086                _k_msgq_list_start = .
 *(SORT_BY_NAME(SORT_BY_ALIGNMENT(._k_msgq.static.*)))
                0x0000000020000086                _k_msgq_list_end = .

k_mbox_area     0x0000000020000086        0x0 load address 0x0000000008003be2
                0x0000000020000086                _k_mbox_list_start = .
 *(SORT_BY_NAME(SORT_BY_ALIGNMENT(._k_mbox.static.*)))
                0x0000000020000086                _k_mbox_list_end = .

k_pipe_area     0x0000000020000086        0x0 load address 0x0000000008003be2
                0x0000000020000086                _k_pipe_list_start = .
 *(SORT_BY_NAME(SORT_BY_ALIGNMENT(._k_pipe.static.*)))
                0x0000000020000086                _k_pipe_list_end = .

k_sem_area      0x0000000020000086        0x0 load address 0x0000000008003be2
                0x0000000020000086                _k_sem_list_start = .
 *(SORT_BY_NAME(SORT_BY_ALIGNMENT(._k_sem.static.*)))
                0x0000000020000086                _k_sem_list_end = .

k_event_area    0x0000000020000086        0x0 load address 0x0000000008003be2
                0x0000000020000086                _k_event_list_start = .
 *(SORT_BY_NAME(SORT_BY_ALIGNMENT(._k_event.static.*)))
                0x0000000020000086                _k_event_list_end = .

k_queue_area    0x0000000020000086        0x0 load address 0x0000000008003be2
                0x0000000020000086                _k_queue_list_start = .
 *(SORT_BY_NAME(SORT_BY_ALIGNMENT(._k_queue.static.*)))
                0x0000000020000086                _k_queue_list_end = .

k_fifo_area     0x0000000020000086        0x0 load address 0x0000000008003be2
                0x0000000020000086                _k_fifo_list_start = .
 *(SORT_BY_NAME(SORT_BY_ALIGNMENT(._k_fifo.static.*)))
                0x0000000020000086                _k_fifo_list_end = .

k_lifo_area     0x0000000020000086        0x0 load address 0x0000000008003be2
                0x0000000020000086                _k_lifo_list_start = .
 *(SORT_BY_NAME(SORT_BY_ALIGNMENT(._k_lifo.static.*)))
                0x0000000020000086                _k_lifo_list_end = .

k_condvar_area  0x0000000020000086        0x0 load address 0x0000000008003be2
                0x0000000020000086                _k_condvar_list_start = .
 *(SORT_BY_NAME(SORT_BY_ALIGNMENT(._k_condvar.static.*)))
                0x0000000020000086                _k_condvar_list_end = .

sys_mem_blocks_ptr_area
                0x0000000020000086        0x0 load address 0x0000000008003be2
                0x0000000020000086                _sys_mem_blocks_ptr_list_start = .
 *(SORT_BY_NAME(SORT_BY_ALIGNMENT(._sys_mem_blocks_ptr.static.*)))
                0x0000000020000086                _sys_mem_blocks_ptr_list_end = .

net_buf_pool_area
                0x0000000020000086        0x0 load address 0x0000000008003be2
                0x0000000020000086                _net_buf_pool_list_start = .
 *(SORT_BY_NAME(SORT_BY_ALIGNMENT(._net_buf_pool.static.*)))
                0x0000000020000086                _net_buf_pool_list_end = .
                0x0000000020000086                __data_region_end = .

bss             0x0000000020000088      0x26f
                0x0000000020000088                . = ALIGN (0x4)
                0x0000000020000088                __bss_start = .
                0x0000000020000088                __kernel_ram_start = .
 *(SORT_BY_ALIGNMENT(.bss))
 *(SORT_BY_ALIGNMENT(.bss.*))
 .bss.announced_cycles
                0x0000000020000088        0x8 zephyr/drivers/timer/libdrivers__timer.a(cortex_m_systick.c.obj)
 .bss.cycle_count
                0x0000000020000090        0x8 zephyr/drivers/timer/libdrivers__timer.a(cortex_m_systick.c.obj)
 .bss.z_idle_threads
                0x0000000020000098       0x80 zephyr/kernel/libkernel.a(init.c.obj)
                0x0000000020000098                z_idle_threads
 .bss.z_main_thread
                0x0000000020000118       0x80 zephyr/kernel/libkernel.a(init.c.obj)
                0x0000000020000118                z_main_thread
 .bss.slice_timeouts
                0x0000000020000198       0x18 zephyr/kernel/libkernel.a(timeslicing.c.obj)
 .bss.curr_tick
                0x00000000200001b0        0x8 zephyr/kernel/libkernel.a(timeout.c.obj)
 .bss.z_arm_tls_ptr
                0x00000000200001b8        0x4 zephyr/arch/arch/arm/core/libarch__arm__core.a(tls.c.obj)
                0x00000000200001b8                z_arm_tls_ptr
 .bss.dynamic_regions.0
                0x00000000200001bc        0xc zephyr/arch/arch/arm/core/mpu/libarch__arm__core__mpu.a(arm_core_mpu.c.obj)
 .bss._stdout_hook
                0x00000000200001c8        0x4 zephyr/lib/libc/picolibc/liblib__libc__picolibc.a(libc-hooks.c.obj)
 .bss.z_malloc_heap
                0x00000000200001cc        0xc zephyr/lib/libc/common/liblib__libc__common.a(malloc.c.obj)
 .bss.exti_data
                0x00000000200001d8       0x80 zephyr/drivers/interrupt_controller/libdrivers__interrupt_controller.a(intc_exti_stm32.c.obj)
 .bss.gpio_stm32_data_f
                0x0000000020000258       0x10 zephyr/drivers/gpio/libdrivers__gpio.a(gpio_stm32.c.obj)
 .bss.gpio_stm32_data_e
                0x0000000020000268       0x10 zephyr/drivers/gpio/libdrivers__gpio.a(gpio_stm32.c.obj)
 .bss.gpio_stm32_data_d
                0x0000000020000278       0x10 zephyr/drivers/gpio/libdrivers__gpio.a(gpio_stm32.c.obj)
 .bss.gpio_stm32_data_c
                0x0000000020000288       0x10 zephyr/drivers/gpio/libdrivers__gpio.a(gpio_stm32.c.obj)
 .bss.gpio_stm32_data_b
                0x0000000020000298       0x10 zephyr/drivers/gpio/libdrivers__gpio.a(gpio_stm32.c.obj)
 .bss.gpio_stm32_data_a
                0x00000000200002a8       0x10 zephyr/drivers/gpio/libdrivers__gpio.a(gpio_stm32.c.obj)
 .bss.overflow_cyc
                0x00000000200002b8        0x4 zephyr/drivers/timer/libdrivers__timer.a(cortex_m_systick.c.obj)
 .bss.last_load
                0x00000000200002bc        0x4 zephyr/drivers/timer/libdrivers__timer.a(cortex_m_systick.c.obj)
 .bss._cpus_active
                0x00000000200002c0        0x4 zephyr/kernel/libkernel.a(init.c.obj)
                0x00000000200002c0                _cpus_active
 .bss._kernel   0x00000000200002c4       0x20 zephyr/kernel/libkernel.a(init.c.obj)
                0x00000000200002c4                _kernel
 .bss.pending_current
                0x00000000200002e4        0x4 zephyr/kernel/libkernel.a(timeslicing.c.obj)
                0x00000000200002e4                pending_current
 .bss.slice_max_prio
                0x00000000200002e8        0x4 zephyr/kernel/libkernel.a(timeslicing.c.obj)
 .bss.slice_ticks
                0x00000000200002ec        0x4 zephyr/kernel/libkernel.a(timeslicing.c.obj)
 .bss.announce_remaining
                0x00000000200002f0        0x4 zephyr/kernel/libkernel.a(timeout.c.obj)
 .bss.static_regions_num
                0x00000000200002f4        0x1 zephyr/arch/arch/arm/core/mpu/libarch__arm__core__mpu.a(arm_mpu.c.obj)
 .bss.z_sys_post_kernel
                0x00000000200002f5        0x1 zephyr/kernel/libkernel.a(init.c.obj)
                0x00000000200002f5                z_sys_post_kernel
 .bss._sched_spinlock
                0x00000000200002f6        0x0 zephyr/kernel/libkernel.a(sched.c.obj)
                0x00000000200002f6                _sched_spinlock
 .bss.slice_expired
                0x00000000200002f6        0x1 zephyr/kernel/libkernel.a(timeslicing.c.obj)
 *(SORT_BY_ALIGNMENT(COMMON))
 *(SORT_BY_ALIGNMENT(.kernel_bss.*))
                0x00000000200002f8                __bss_end = ALIGN (0x4)

noinit          0x0000000020000300      0xe00
 *(SORT_BY_ALIGNMENT(.noinit))
 *(SORT_BY_ALIGNMENT(.noinit.*))
 .noinit."WEST_TOPDIR/zephyr/kernel/init.c".2
                0x0000000020000300      0x840 zephyr/kernel/libkernel.a(init.c.obj)
                0x0000000020000300                z_interrupt_stacks
 .noinit."WEST_TOPDIR/zephyr/kernel/init.c".1
                0x0000000020000b40      0x180 zephyr/kernel/libkernel.a(init.c.obj)
 .noinit."WEST_TOPDIR/zephyr/kernel/init.c".0
                0x0000000020000cc0      0x440 zephyr/kernel/libkernel.a(init.c.obj)
                0x0000000020000cc0                z_main_stack
 *(SORT_BY_ALIGNMENT(.kernel_noinit.*))
                0x0000000020010000                __kernel_ram_end = 0x20010000
                0x000000000000ff78                __kernel_ram_size = (__kernel_ram_end - __kernel_ram_start)

/DISCARD/
 *(SORT_BY_ALIGNMENT(.irq_info*))
 *(SORT_BY_ALIGNMENT(.intList*))

.last_ram_section
                0x0000000020001100        0x0
                0x0000000020001100                _image_ram_end = .
                0x0000000000001100                _image_ram_size = (_image_ram_end - _image_ram_start)
                0x0000000020001100                _end = .
                0x0000000020001100                z_mapped_end = .

.stab
 *(SORT_BY_ALIGNMENT(.stab))

.stabstr
 *(SORT_BY_ALIGNMENT(.stabstr))

.stab.excl
 *(SORT_BY_ALIGNMENT(.stab.excl))

.stab.exclstr
 *(SORT_BY_ALIGNMENT(.stab.exclstr))

.stab.index
 *(SORT_BY_ALIGNMENT(.stab.index))

.stab.indexstr
 *(SORT_BY_ALIGNMENT(.stab.indexstr))

.gnu.build.attributes
 *(SORT_BY_ALIGNMENT(.gnu.build.attributes) SORT_BY_ALIGNMENT(.gnu.build.attributes.*))

.comment        0x0000000000000000       0x22
 *(SORT_BY_ALIGNMENT(.comment))
 .comment       0x0000000000000000       0x22 zephyr/CMakeFiles/zephyr_final.dir/isr_tables.c.obj
                                         0x23 (size before relaxing)
 .comment       0x0000000000000022       0x23 zephyr/CMakeFiles/offsets.dir/./arch/arm/core/offsets/offsets.c.obj
 .comment       0x0000000000000022       0x23 app/libapp.a(main.c.obj)
 .comment       0x0000000000000022       0x23 zephyr/libzephyr.a(heap.c.obj)
 .comment       0x0000000000000022       0x23 zephyr/libzephyr.a(printk.c.obj)
 .comment       0x0000000000000022       0x23 zephyr/libzephyr.a(thread_entry.c.obj)
 .comment       0x0000000000000022       0x23 zephyr/libzephyr.a(configs.c.obj)
 .comment       0x0000000000000022       0x23 zephyr/libzephyr.a(soc_config.c.obj)
 .comment       0x0000000000000022       0x23 zephyr/libzephyr.a(soc.c.obj)
 .comment       0x0000000000000022       0x23 zephyr/libzephyr.a(mem_attr.c.obj)
 .comment       0x0000000000000022       0x23 zephyr/arch/arch/arm/core/libarch__arm__core.a(fatal.c.obj)
 .comment       0x0000000000000022       0x23 zephyr/arch/arch/arm/core/libarch__arm__core.a(nmi.c.obj)
 .comment       0x0000000000000022       0x23 zephyr/arch/arch/arm/core/libarch__arm__core.a(tls.c.obj)
 .comment       0x0000000000000022       0x23 zephyr/arch/arch/arm/core/cortex_m/libarch__arm__core__cortex_m.a(fault.c.obj)
 .comment       0x0000000000000022       0x23 zephyr/arch/arch/arm/core/cortex_m/libarch__arm__core__cortex_m.a(thread_abort.c.obj)
 .comment       0x0000000000000022       0x23 zephyr/arch/arch/arm/core/cortex_m/libarch__arm__core__cortex_m.a(swap.c.obj)
 .comment       0x0000000000000022       0x23 zephyr/arch/arch/arm/core/cortex_m/libarch__arm__core__cortex_m.a(irq_manage.c.obj)
 .comment       0x0000000000000022       0x23 zephyr/arch/arch/arm/core/cortex_m/libarch__arm__core__cortex_m.a(prep_c.c.obj)
 .comment       0x0000000000000022       0x23 zephyr/arch/arch/arm/core/cortex_m/libarch__arm__core__cortex_m.a(thread.c.obj)
 .comment       0x0000000000000022       0x23 zephyr/arch/arch/arm/core/cortex_m/libarch__arm__core__cortex_m.a(irq_init.c.obj)
 .comment       0x0000000000000022       0x23 zephyr/arch/arch/arm/core/mpu/libarch__arm__core__mpu.a(arm_core_mpu.c.obj)
 .comment       0x0000000000000022       0x23 zephyr/arch/arch/arm/core/mpu/libarch__arm__core__mpu.a(arm_mpu.c.obj)
 .comment       0x0000000000000022       0x23 zephyr/arch/arch/arm/core/mpu/libarch__arm__core__mpu.a(arm_mpu_regions.c.obj)
 .comment       0x0000000000000022       0x23 zephyr/lib/libc/picolibc/liblib__libc__picolibc.a(libc-hooks.c.obj)
 .comment       0x0000000000000022       0x23 zephyr/lib/libc/common/liblib__libc__common.a(malloc.c.obj)
 .comment       0x0000000000000022       0x23 zephyr/drivers/interrupt_controller/libdrivers__interrupt_controller.a(intc_exti_stm32.c.obj)
 .comment       0x0000000000000022       0x23 zephyr/drivers/clock_control/libdrivers__clock_control.a(clock_stm32_ll_common.c.obj)
 .comment       0x0000000000000022       0x23 zephyr/drivers/clock_control/libdrivers__clock_control.a(clock_stm32f0_f3.c.obj)
 .comment       0x0000000000000022       0x23 zephyr/drivers/console/libdrivers__console.a(uart_console.c.obj)
 .comment       0x0000000000000022       0x23 zephyr/drivers/gpio/libdrivers__gpio.a(gpio_stm32.c.obj)
 .comment       0x0000000000000022       0x23 zephyr/drivers/pinctrl/libdrivers__pinctrl.a(common.c.obj)
 .comment       0x0000000000000022       0x23 zephyr/drivers/pinctrl/libdrivers__pinctrl.a(pinctrl_stm32.c.obj)
 .comment       0x0000000000000022       0x23 zephyr/drivers/reset/libdrivers__reset.a(reset_stm32.c.obj)
 .comment       0x0000000000000022       0x23 zephyr/drivers/serial/libdrivers__serial.a(uart_stm32.c.obj)
 .comment       0x0000000000000022       0x23 zephyr/drivers/timer/libdrivers__timer.a(cortex_m_systick.c.obj)
 .comment       0x0000000000000022       0x23 modules/stm32/stm32cube/lib..__modules__hal__stm32__stm32cube.a(system_stm32f3xx.c.obj)
 .comment       0x0000000000000022       0x23 modules/stm32/stm32cube/lib..__modules__hal__stm32__stm32cube.a(stm32f3xx_hal_rcc.c.obj)
 .comment       0x0000000000000022       0x23 modules/stm32/stm32cube/lib..__modules__hal__stm32__stm32cube.a(stm32f3xx_ll_utils.c.obj)
 .comment       0x0000000000000022       0x23 zephyr/kernel/libkernel.a(device.c.obj)
 .comment       0x0000000000000022       0x23 zephyr/kernel/libkernel.a(fatal.c.obj)
 .comment       0x0000000000000022       0x23 zephyr/kernel/libkernel.a(init.c.obj)
 .comment       0x0000000000000022       0x23 zephyr/kernel/libkernel.a(idle.c.obj)
 .comment       0x0000000000000022       0x23 zephyr/kernel/libkernel.a(thread.c.obj)
 .comment       0x0000000000000022       0x23 zephyr/kernel/libkernel.a(sched.c.obj)
 .comment       0x0000000000000022       0x23 zephyr/kernel/libkernel.a(timeslicing.c.obj)
 .comment       0x0000000000000022       0x23 zephyr/kernel/libkernel.a(xip.c.obj)
 .comment       0x0000000000000022       0x23 zephyr/kernel/libkernel.a(timeout.c.obj)
 .comment       0x0000000000000022       0x23 zephyr/kernel/libkernel.a(banner.c.obj)
 .comment       0x0000000000000022       0x23 zephyr/kernel/libkernel.a(priority_queues.c.obj)

.debug
 *(SORT_BY_ALIGNMENT(.debug))

.line
 *(SORT_BY_ALIGNMENT(.line))

.debug_srcinfo
 *(SORT_BY_ALIGNMENT(.debug_srcinfo))

.debug_sfnames
 *(SORT_BY_ALIGNMENT(.debug_sfnames))

.debug_aranges  0x0000000000000000      0xe80
 *(SORT_BY_ALIGNMENT(.debug_aranges))
 .debug_aranges
                0x0000000000000000       0x20 zephyr/arch/arch/arm/core/libarch__arm__core.a(nmi_on_reset.S.obj)
 .debug_aranges
                0x0000000000000020       0x20 zephyr/arch/arch/arm/core/cortex_m/libarch__arm__core__cortex_m.a(exc_exit.S.obj)
 .debug_aranges
                0x0000000000000040       0x20 zephyr/arch/arch/arm/core/cortex_m/libarch__arm__core__cortex_m.a(fault_s.S.obj)
 .debug_aranges
                0x0000000000000060       0x20 zephyr/arch/arch/arm/core/cortex_m/libarch__arm__core__cortex_m.a(reset.S.obj)
 .debug_aranges
                0x0000000000000080       0x28 zephyr/arch/arch/arm/core/cortex_m/libarch__arm__core__cortex_m.a(swap_helper.S.obj)
 .debug_aranges
                0x00000000000000a8       0x30 zephyr/arch/arch/arm/core/cortex_m/libarch__arm__core__cortex_m.a(cpu_idle.S.obj)
 .debug_aranges
                0x00000000000000d8       0x20 zephyr/arch/arch/arm/core/cortex_m/libarch__arm__core__cortex_m.a(isr_wrapper.S.obj)
 .debug_aranges
                0x00000000000000f8       0x20 zephyr/arch/arch/arm/core/cortex_m/libarch__arm__core__cortex_m.a(__aeabi_read_tp.S.obj)
 .debug_aranges
                0x0000000000000118       0x18 zephyr/CMakeFiles/zephyr_final.dir/isr_tables.c.obj
 .debug_aranges
                0x0000000000000130       0x20 zephyr/CMakeFiles/offsets.dir/./arch/arm/core/offsets/offsets.c.obj
 .debug_aranges
                0x0000000000000150       0x20 app/libapp.a(main.c.obj)
 .debug_aranges
                0x0000000000000170       0x88 zephyr/libzephyr.a(heap.c.obj)
 .debug_aranges
                0x00000000000001f8       0x50 zephyr/libzephyr.a(printk.c.obj)
 .debug_aranges
                0x0000000000000248       0x20 zephyr/libzephyr.a(thread_entry.c.obj)
 .debug_aranges
                0x0000000000000268       0x20 zephyr/libzephyr.a(configs.c.obj)
 .debug_aranges
                0x0000000000000288       0x20 zephyr/libzephyr.a(soc_config.c.obj)
 .debug_aranges
                0x00000000000002a8       0x20 zephyr/libzephyr.a(soc.c.obj)
 .debug_aranges
                0x00000000000002c8       0x28 zephyr/libzephyr.a(mem_attr.c.obj)
 .debug_aranges
                0x00000000000002f0       0x30 zephyr/arch/arch/arm/core/libarch__arm__core.a(fatal.c.obj)
 .debug_aranges
                0x0000000000000320       0x28 zephyr/arch/arch/arm/core/libarch__arm__core.a(nmi.c.obj)
 .debug_aranges
                0x0000000000000348       0x20 zephyr/arch/arch/arm/core/libarch__arm__core.a(tls.c.obj)
 .debug_aranges
                0x0000000000000368       0x40 zephyr/arch/arch/arm/core/cortex_m/libarch__arm__core__cortex_m.a(fault.c.obj)
 .debug_aranges
                0x00000000000003a8       0x20 zephyr/arch/arch/arm/core/cortex_m/libarch__arm__core__cortex_m.a(thread_abort.c.obj)
 .debug_aranges
                0x00000000000003c8       0x20 zephyr/arch/arch/arm/core/cortex_m/libarch__arm__core__cortex_m.a(swap.c.obj)
 .debug_aranges
                0x00000000000003e8       0x40 zephyr/arch/arch/arm/core/cortex_m/libarch__arm__core__cortex_m.a(irq_manage.c.obj)
 .debug_aranges
                0x0000000000000428       0x20 zephyr/arch/arch/arm/core/cortex_m/libarch__arm__core__cortex_m.a(prep_c.c.obj)
 .debug_aranges
                0x0000000000000448       0x30 zephyr/arch/arch/arm/core/cortex_m/libarch__arm__core__cortex_m.a(thread.c.obj)
 .debug_aranges
                0x0000000000000478       0x20 zephyr/arch/arch/arm/core/cortex_m/libarch__arm__core__cortex_m.a(irq_init.c.obj)
 .debug_aranges
                0x0000000000000498       0x28 zephyr/arch/arch/arm/core/mpu/libarch__arm__core__mpu.a(arm_core_mpu.c.obj)
 .debug_aranges
                0x00000000000004c0       0x58 zephyr/arch/arch/arm/core/mpu/libarch__arm__core__mpu.a(arm_mpu.c.obj)
 .debug_aranges
                0x0000000000000518       0x18 zephyr/arch/arch/arm/core/mpu/libarch__arm__core__mpu.a(arm_mpu_regions.c.obj)
 .debug_aranges
                0x0000000000000530       0xb0 zephyr/lib/libc/picolibc/liblib__libc__picolibc.a(libc-hooks.c.obj)
 .debug_aranges
                0x00000000000005e0       0x60 zephyr/lib/libc/common/liblib__libc__common.a(malloc.c.obj)
 .debug_aranges
                0x0000000000000640       0x58 zephyr/drivers/interrupt_controller/libdrivers__interrupt_controller.a(intc_exti_stm32.c.obj)
 .debug_aranges
                0x0000000000000698       0x58 zephyr/drivers/clock_control/libdrivers__clock_control.a(clock_stm32_ll_common.c.obj)
 .debug_aranges
                0x00000000000006f0       0x30 zephyr/drivers/clock_control/libdrivers__clock_control.a(clock_stm32f0_f3.c.obj)
 .debug_aranges
                0x0000000000000720       0x30 zephyr/drivers/console/libdrivers__console.a(uart_console.c.obj)
 .debug_aranges
                0x0000000000000750       0x78 zephyr/drivers/gpio/libdrivers__gpio.a(gpio_stm32.c.obj)
 .debug_aranges
                0x00000000000007c8       0x20 zephyr/drivers/pinctrl/libdrivers__pinctrl.a(common.c.obj)
 .debug_aranges
                0x00000000000007e8       0x20 zephyr/drivers/pinctrl/libdrivers__pinctrl.a(pinctrl_stm32.c.obj)
 .debug_aranges
                0x0000000000000808       0x38 zephyr/drivers/reset/libdrivers__reset.a(reset_stm32.c.obj)
 .debug_aranges
                0x0000000000000840       0x60 zephyr/drivers/serial/libdrivers__serial.a(uart_stm32.c.obj)
 .debug_aranges
                0x00000000000008a0       0x60 zephyr/drivers/timer/libdrivers__timer.a(cortex_m_systick.c.obj)
 .debug_aranges
                0x0000000000000900       0x28 modules/stm32/stm32cube/lib..__modules__hal__stm32__stm32cube.a(system_stm32f3xx.c.obj)
 .debug_aranges
                0x0000000000000928       0x88 modules/stm32/stm32cube/lib..__modules__hal__stm32__stm32cube.a(stm32f3xx_hal_rcc.c.obj)
 .debug_aranges
                0x00000000000009b0       0x50 modules/stm32/stm32cube/lib..__modules__hal__stm32__stm32cube.a(stm32f3xx_ll_utils.c.obj)
 .debug_aranges
                0x0000000000000a00       0x38 zephyr/kernel/libkernel.a(device.c.obj)
 .debug_aranges
                0x0000000000000a38       0x60 zephyr/kernel/libkernel.a(fatal.c.obj)
 .debug_aranges
                0x0000000000000a98       0x58 zephyr/kernel/libkernel.a(init.c.obj)
 .debug_aranges
                0x0000000000000af0       0x30 zephyr/kernel/libkernel.a(idle.c.obj)
 .debug_aranges
                0x0000000000000b20       0x88 zephyr/kernel/libkernel.a(thread.c.obj)
 .debug_aranges
                0x0000000000000ba8      0x178 zephyr/kernel/libkernel.a(sched.c.obj)
 .debug_aranges
                0x0000000000000d20       0x40 zephyr/kernel/libkernel.a(timeslicing.c.obj)
 .debug_aranges
                0x0000000000000d60       0x20 zephyr/kernel/libkernel.a(xip.c.obj)
 .debug_aranges
                0x0000000000000d80       0x90 zephyr/kernel/libkernel.a(timeout.c.obj)
 .debug_aranges
                0x0000000000000e10       0x20 zephyr/kernel/libkernel.a(banner.c.obj)
 .debug_aranges
                0x0000000000000e30       0x50 zephyr/kernel/libkernel.a(priority_queues.c.obj)

.debug_pubnames
 *(SORT_BY_ALIGNMENT(.debug_pubnames))

.debug_info     0x0000000000000000    0x3ca08
 *(SORT_BY_ALIGNMENT(.debug_info) SORT_BY_ALIGNMENT(.gnu.linkonce.wi.*))
 .debug_info    0x0000000000000000      0x189 zephyr/CMakeFiles/zephyr_final.dir/isr_tables.c.obj
 .debug_info    0x0000000000000189       0xdc zephyr/CMakeFiles/offsets.dir/./arch/arm/core/offsets/offsets.c.obj
 .debug_info    0x0000000000000265      0xacf app/libapp.a(main.c.obj)
 .debug_info    0x0000000000000d34     0x2fe1 zephyr/libzephyr.a(heap.c.obj)
 .debug_info    0x0000000000003d15      0x5d1 zephyr/libzephyr.a(printk.c.obj)
 .debug_info    0x00000000000042e6      0x74d zephyr/libzephyr.a(thread_entry.c.obj)
 .debug_info    0x0000000000004a33       0x38 zephyr/libzephyr.a(configs.c.obj)
 .debug_info    0x0000000000004a6b      0x2b3 zephyr/libzephyr.a(soc_config.c.obj)
 .debug_info    0x0000000000004d1e      0x288 zephyr/libzephyr.a(soc.c.obj)
 .debug_info    0x0000000000004fa6      0x2ba zephyr/libzephyr.a(mem_attr.c.obj)
 .debug_info    0x0000000000005260     0x2591 zephyr/arch/arch/arm/core/libarch__arm__core.a(fatal.c.obj)
 .debug_info    0x00000000000077f1      0x1b0 zephyr/arch/arch/arm/core/libarch__arm__core.a(nmi.c.obj)
 .debug_info    0x00000000000079a1       0x23 zephyr/arch/arch/arm/core/libarch__arm__core.a(nmi_on_reset.S.obj)
 .debug_info    0x00000000000079c4      0x727 zephyr/arch/arch/arm/core/libarch__arm__core.a(tls.c.obj)
 .debug_info    0x00000000000080eb       0x23 zephyr/arch/arch/arm/core/cortex_m/libarch__arm__core__cortex_m.a(exc_exit.S.obj)
 .debug_info    0x000000000000810e     0xbd95 zephyr/arch/arch/arm/core/cortex_m/libarch__arm__core__cortex_m.a(fault.c.obj)
 .debug_info    0x0000000000013ea3       0x23 zephyr/arch/arch/arm/core/cortex_m/libarch__arm__core__cortex_m.a(fault_s.S.obj)
 .debug_info    0x0000000000013ec6       0x23 zephyr/arch/arch/arm/core/cortex_m/libarch__arm__core__cortex_m.a(reset.S.obj)
 .debug_info    0x0000000000013ee9      0x84f zephyr/arch/arch/arm/core/cortex_m/libarch__arm__core__cortex_m.a(thread_abort.c.obj)
 .debug_info    0x0000000000014738      0x7fe zephyr/arch/arch/arm/core/cortex_m/libarch__arm__core__cortex_m.a(swap.c.obj)
 .debug_info    0x0000000000014f36       0x22 zephyr/arch/arch/arm/core/cortex_m/libarch__arm__core__cortex_m.a(swap_helper.S.obj)
 .debug_info    0x0000000000014f58      0x99b zephyr/arch/arch/arm/core/cortex_m/libarch__arm__core__cortex_m.a(irq_manage.c.obj)
 .debug_info    0x00000000000158f3      0x493 zephyr/arch/arch/arm/core/cortex_m/libarch__arm__core__cortex_m.a(prep_c.c.obj)
 .debug_info    0x0000000000015d86      0x923 zephyr/arch/arch/arm/core/cortex_m/libarch__arm__core__cortex_m.a(thread.c.obj)
 .debug_info    0x00000000000166a9       0x22 zephyr/arch/arch/arm/core/cortex_m/libarch__arm__core__cortex_m.a(cpu_idle.S.obj)
 .debug_info    0x00000000000166cb      0x644 zephyr/arch/arch/arm/core/cortex_m/libarch__arm__core__cortex_m.a(irq_init.c.obj)
 .debug_info    0x0000000000016d0f       0x23 zephyr/arch/arch/arm/core/cortex_m/libarch__arm__core__cortex_m.a(isr_wrapper.S.obj)
 .debug_info    0x0000000000016d32       0x23 zephyr/arch/arch/arm/core/cortex_m/libarch__arm__core__cortex_m.a(__aeabi_read_tp.S.obj)
 .debug_info    0x0000000000016d55      0x753 zephyr/arch/arch/arm/core/mpu/libarch__arm__core__mpu.a(arm_core_mpu.c.obj)
 .debug_info    0x00000000000174a8     0x3dea zephyr/arch/arch/arm/core/mpu/libarch__arm__core__mpu.a(arm_mpu.c.obj)
 .debug_info    0x000000000001b292      0x18e zephyr/arch/arch/arm/core/mpu/libarch__arm__core__mpu.a(arm_mpu_regions.c.obj)
 .debug_info    0x000000000001b420      0xed7 zephyr/lib/libc/picolibc/liblib__libc__picolibc.a(libc-hooks.c.obj)
 .debug_info    0x000000000001c2f7      0xdff zephyr/lib/libc/common/liblib__libc__common.a(malloc.c.obj)
 .debug_info    0x000000000001d0f6     0x100e zephyr/drivers/interrupt_controller/libdrivers__interrupt_controller.a(intc_exti_stm32.c.obj)
 .debug_info    0x000000000001e104     0x1001 zephyr/drivers/clock_control/libdrivers__clock_control.a(clock_stm32_ll_common.c.obj)
 .debug_info    0x000000000001f105      0x391 zephyr/drivers/clock_control/libdrivers__clock_control.a(clock_stm32f0_f3.c.obj)
 .debug_info    0x000000000001f496      0x836 zephyr/drivers/console/libdrivers__console.a(uart_console.c.obj)
 .debug_info    0x000000000001fccc     0x2c5a zephyr/drivers/gpio/libdrivers__gpio.a(gpio_stm32.c.obj)
 .debug_info    0x0000000000022926      0x1b2 zephyr/drivers/pinctrl/libdrivers__pinctrl.a(common.c.obj)
 .debug_info    0x0000000000022ad8      0x48b zephyr/drivers/pinctrl/libdrivers__pinctrl.a(pinctrl_stm32.c.obj)
 .debug_info    0x0000000000022f63      0x64b zephyr/drivers/reset/libdrivers__reset.a(reset_stm32.c.obj)
 .debug_info    0x00000000000235ae     0x5c2c zephyr/drivers/serial/libdrivers__serial.a(uart_stm32.c.obj)
 .debug_info    0x00000000000291da      0xecc zephyr/drivers/timer/libdrivers__timer.a(cortex_m_systick.c.obj)
 .debug_info    0x000000000002a0a6      0x264 modules/stm32/stm32cube/lib..__modules__hal__stm32__stm32cube.a(system_stm32f3xx.c.obj)
 .debug_info    0x000000000002a30a     0x16da modules/stm32/stm32cube/lib..__modules__hal__stm32__stm32cube.a(stm32f3xx_hal_rcc.c.obj)
 .debug_info    0x000000000002b9e4      0xca1 modules/stm32/stm32cube/lib..__modules__hal__stm32__stm32cube.a(stm32f3xx_ll_utils.c.obj)
 .debug_info    0x000000000002c685      0x343 zephyr/kernel/libkernel.a(device.c.obj)
 .debug_info    0x000000000002c9c8     0x28ed zephyr/kernel/libkernel.a(fatal.c.obj)
 .debug_info    0x000000000002f2b5     0x1e46 zephyr/kernel/libkernel.a(init.c.obj)
 .debug_info    0x00000000000310fb      0x282 zephyr/kernel/libkernel.a(idle.c.obj)
 .debug_info    0x000000000003137d     0x24b1 zephyr/kernel/libkernel.a(thread.c.obj)
 .debug_info    0x000000000003382e     0x6060 zephyr/kernel/libkernel.a(sched.c.obj)
 .debug_info    0x000000000003988e      0xdba zephyr/kernel/libkernel.a(timeslicing.c.obj)
 .debug_info    0x000000000003a648      0x142 zephyr/kernel/libkernel.a(xip.c.obj)
 .debug_info    0x000000000003a78a     0x1612 zephyr/kernel/libkernel.a(timeout.c.obj)
 .debug_info    0x000000000003bd9c       0xc5 zephyr/kernel/libkernel.a(banner.c.obj)
 .debug_info    0x000000000003be61      0xba7 zephyr/kernel/libkernel.a(priority_queues.c.obj)

.debug_abbrev   0x0000000000000000     0x8f80
 *(SORT_BY_ALIGNMENT(.debug_abbrev))
 .debug_abbrev  0x0000000000000000      0x118 zephyr/CMakeFiles/zephyr_final.dir/isr_tables.c.obj
 .debug_abbrev  0x0000000000000118       0x62 zephyr/CMakeFiles/offsets.dir/./arch/arm/core/offsets/offsets.c.obj
 .debug_abbrev  0x000000000000017a      0x327 app/libapp.a(main.c.obj)
 .debug_abbrev  0x00000000000004a1      0x434 zephyr/libzephyr.a(heap.c.obj)
 .debug_abbrev  0x00000000000008d5      0x30e zephyr/libzephyr.a(printk.c.obj)
 .debug_abbrev  0x0000000000000be3      0x2bc zephyr/libzephyr.a(thread_entry.c.obj)
 .debug_abbrev  0x0000000000000e9f       0x2e zephyr/libzephyr.a(configs.c.obj)
 .debug_abbrev  0x0000000000000ecd      0x1ae zephyr/libzephyr.a(soc_config.c.obj)
 .debug_abbrev  0x000000000000107b      0x1a3 zephyr/libzephyr.a(soc.c.obj)
 .debug_abbrev  0x000000000000121e      0x142 zephyr/libzephyr.a(mem_attr.c.obj)
 .debug_abbrev  0x0000000000001360      0x2cb zephyr/arch/arch/arm/core/libarch__arm__core.a(fatal.c.obj)
 .debug_abbrev  0x000000000000162b       0xf5 zephyr/arch/arch/arm/core/libarch__arm__core.a(nmi.c.obj)
 .debug_abbrev  0x0000000000001720       0x14 zephyr/arch/arch/arm/core/libarch__arm__core.a(nmi_on_reset.S.obj)
 .debug_abbrev  0x0000000000001734      0x2a1 zephyr/arch/arch/arm/core/libarch__arm__core.a(tls.c.obj)
 .debug_abbrev  0x00000000000019d5       0x14 zephyr/arch/arch/arm/core/cortex_m/libarch__arm__core__cortex_m.a(exc_exit.S.obj)
 .debug_abbrev  0x00000000000019e9      0x4bf zephyr/arch/arch/arm/core/cortex_m/libarch__arm__core__cortex_m.a(fault.c.obj)
 .debug_abbrev  0x0000000000001ea8       0x14 zephyr/arch/arch/arm/core/cortex_m/libarch__arm__core__cortex_m.a(fault_s.S.obj)
 .debug_abbrev  0x0000000000001ebc       0x14 zephyr/arch/arch/arm/core/cortex_m/libarch__arm__core__cortex_m.a(reset.S.obj)
 .debug_abbrev  0x0000000000001ed0      0x227 zephyr/arch/arch/arm/core/cortex_m/libarch__arm__core__cortex_m.a(thread_abort.c.obj)